Archive member included to satisfy reference by file (symbol)

/home/pyth/st/stm32cubeide_1.13.2/plugins/com.st.stm32cube.ide.mcu.externaltools.gnu-tools-for-stm32.11.3.rel1.linux64_1.1.1.202309131626/tools/bin/../lib/gcc/arm-none-eabi/11.3.1/../../../../arm-none-eabi/lib/thumb/v7-m/nofp/libc_nano.a(libc_a-exit.o)
                              /home/pyth/st/stm32cubeide_1.13.2/plugins/com.st.stm32cube.ide.mcu.externaltools.gnu-tools-for-stm32.11.3.rel1.linux64_1.1.1.202309131626/tools/bin/../lib/gcc/arm-none-eabi/11.3.1/../../../../arm-none-eabi/lib/thumb/v7-m/nofp/crt0.o (exit)
/home/pyth/st/stm32cubeide_1.13.2/plugins/com.st.stm32cube.ide.mcu.externaltools.gnu-tools-for-stm32.11.3.rel1.linux64_1.1.1.202309131626/tools/bin/../lib/gcc/arm-none-eabi/11.3.1/../../../../arm-none-eabi/lib/thumb/v7-m/nofp/libc_nano.a(libc_a-findfp.o)
                              /home/pyth/st/stm32cubeide_1.13.2/plugins/com.st.stm32cube.ide.mcu.externaltools.gnu-tools-for-stm32.11.3.rel1.linux64_1.1.1.202309131626/tools/bin/../lib/gcc/arm-none-eabi/11.3.1/../../../../arm-none-eabi/lib/thumb/v7-m/nofp/libc_nano.a(libc_a-exit.o) (__stdio_exit_handler)
/home/pyth/st/stm32cubeide_1.13.2/plugins/com.st.stm32cube.ide.mcu.externaltools.gnu-tools-for-stm32.11.3.rel1.linux64_1.1.1.202309131626/tools/bin/../lib/gcc/arm-none-eabi/11.3.1/../../../../arm-none-eabi/lib/thumb/v7-m/nofp/libc_nano.a(libc_a-fwalk.o)
                              /home/pyth/st/stm32cubeide_1.13.2/plugins/com.st.stm32cube.ide.mcu.externaltools.gnu-tools-for-stm32.11.3.rel1.linux64_1.1.1.202309131626/tools/bin/../lib/gcc/arm-none-eabi/11.3.1/../../../../arm-none-eabi/lib/thumb/v7-m/nofp/libc_nano.a(libc_a-findfp.o) (_fwalk_sglue)
/home/pyth/st/stm32cubeide_1.13.2/plugins/com.st.stm32cube.ide.mcu.externaltools.gnu-tools-for-stm32.11.3.rel1.linux64_1.1.1.202309131626/tools/bin/../lib/gcc/arm-none-eabi/11.3.1/../../../../arm-none-eabi/lib/thumb/v7-m/nofp/libc_nano.a(libc_a-stdio.o)
                              /home/pyth/st/stm32cubeide_1.13.2/plugins/com.st.stm32cube.ide.mcu.externaltools.gnu-tools-for-stm32.11.3.rel1.linux64_1.1.1.202309131626/tools/bin/../lib/gcc/arm-none-eabi/11.3.1/../../../../arm-none-eabi/lib/thumb/v7-m/nofp/libc_nano.a(libc_a-findfp.o) (__sread)
/home/pyth/st/stm32cubeide_1.13.2/plugins/com.st.stm32cube.ide.mcu.externaltools.gnu-tools-for-stm32.11.3.rel1.linux64_1.1.1.202309131626/tools/bin/../lib/gcc/arm-none-eabi/11.3.1/../../../../arm-none-eabi/lib/thumb/v7-m/nofp/libc_nano.a(libc_a-memset.o)
                              /home/pyth/st/stm32cubeide_1.13.2/plugins/com.st.stm32cube.ide.mcu.externaltools.gnu-tools-for-stm32.11.3.rel1.linux64_1.1.1.202309131626/tools/bin/../lib/gcc/arm-none-eabi/11.3.1/../../../../arm-none-eabi/lib/thumb/v7-m/nofp/crt0.o (memset)
/home/pyth/st/stm32cubeide_1.13.2/plugins/com.st.stm32cube.ide.mcu.externaltools.gnu-tools-for-stm32.11.3.rel1.linux64_1.1.1.202309131626/tools/bin/../lib/gcc/arm-none-eabi/11.3.1/../../../../arm-none-eabi/lib/thumb/v7-m/nofp/libc_nano.a(libc_a-closer.o)
                              /home/pyth/st/stm32cubeide_1.13.2/plugins/com.st.stm32cube.ide.mcu.externaltools.gnu-tools-for-stm32.11.3.rel1.linux64_1.1.1.202309131626/tools/bin/../lib/gcc/arm-none-eabi/11.3.1/../../../../arm-none-eabi/lib/thumb/v7-m/nofp/libc_nano.a(libc_a-stdio.o) (_close_r)
/home/pyth/st/stm32cubeide_1.13.2/plugins/com.st.stm32cube.ide.mcu.externaltools.gnu-tools-for-stm32.11.3.rel1.linux64_1.1.1.202309131626/tools/bin/../lib/gcc/arm-none-eabi/11.3.1/../../../../arm-none-eabi/lib/thumb/v7-m/nofp/libc_nano.a(libc_a-reent.o)
                              /home/pyth/st/stm32cubeide_1.13.2/plugins/com.st.stm32cube.ide.mcu.externaltools.gnu-tools-for-stm32.11.3.rel1.linux64_1.1.1.202309131626/tools/bin/../lib/gcc/arm-none-eabi/11.3.1/../../../../arm-none-eabi/lib/thumb/v7-m/nofp/libc_nano.a(libc_a-closer.o) (errno)
/home/pyth/st/stm32cubeide_1.13.2/plugins/com.st.stm32cube.ide.mcu.externaltools.gnu-tools-for-stm32.11.3.rel1.linux64_1.1.1.202309131626/tools/bin/../lib/gcc/arm-none-eabi/11.3.1/../../../../arm-none-eabi/lib/thumb/v7-m/nofp/libc_nano.a(libc_a-impure.o)
                              /home/pyth/st/stm32cubeide_1.13.2/plugins/com.st.stm32cube.ide.mcu.externaltools.gnu-tools-for-stm32.11.3.rel1.linux64_1.1.1.202309131626/tools/bin/../lib/gcc/arm-none-eabi/11.3.1/../../../../arm-none-eabi/lib/thumb/v7-m/nofp/libc_nano.a(libc_a-reent.o) (_impure_ptr)
/home/pyth/st/stm32cubeide_1.13.2/plugins/com.st.stm32cube.ide.mcu.externaltools.gnu-tools-for-stm32.11.3.rel1.linux64_1.1.1.202309131626/tools/bin/../lib/gcc/arm-none-eabi/11.3.1/../../../../arm-none-eabi/lib/thumb/v7-m/nofp/libc_nano.a(libc_a-lseekr.o)
                              /home/pyth/st/stm32cubeide_1.13.2/plugins/com.st.stm32cube.ide.mcu.externaltools.gnu-tools-for-stm32.11.3.rel1.linux64_1.1.1.202309131626/tools/bin/../lib/gcc/arm-none-eabi/11.3.1/../../../../arm-none-eabi/lib/thumb/v7-m/nofp/libc_nano.a(libc_a-stdio.o) (_lseek_r)
[...]
Memory Configuration

Name             Origin             Length             Attributes
RAM              0x0000000020000000 0x0000000000005000 xrw
FLASH            0x0000000008000000 0x0000000000020000 xr
*default*        0x0000000000000000 0xffffffffffffffff

Linker script and memory map

LOAD /home/pyth/st/stm32cubeide_1.13.2/plugins/com.st.stm32cube.ide.mcu.externaltools.gnu-tools-for-stm32.11.3.rel1.linux64_1.1.1.202309131626/tools/bin/../lib/gcc/arm-none-eabi/11.3.1/thumb/v7-m/nofp/crti.o
LOAD /home/pyth/st/stm32cubeide_1.13.2/plugins/com.st.stm32cube.ide.mcu.externaltools.gnu-tools-for-stm32.11.3.rel1.linux64_1.1.1.202309131626/tools/bin/../lib/gcc/arm-none-eabi/11.3.1/thumb/v7-m/nofp/crtbegin.o
LOAD /home/pyth/st/stm32cubeide_1.13.2/plugins/com.st.stm32cube.ide.mcu.externaltools.gnu-tools-for-stm32.11.3.rel1.linux64_1.1.1.202309131626/tools/bin/../lib/gcc/arm-none-eabi/11.3.1/../../../../arm-none-eabi/lib/thumb/v7-m/nofp/crt0.o
LOAD ./Core/Src/main.o
LOAD ./Core/Src/stm32f1xx_hal_msp.o
LOAD ./Core/Src/stm32f1xx_it.o
LOAD ./Core/Src/syscalls.o
LOAD ./Core/Src/sysmem.o
LOAD ./Core/Src/system_stm32f1xx.o
LOAD ./Core/Startup/startup_stm32f103rbtx.o
LOAD ./Drivers/STM32F1xx_HAL_Driver/Src/stm32f1xx_hal.o
LOAD ./Drivers/STM32F1xx_HAL_Driver/Src/stm32f1xx_hal_cortex.o
LOAD ./Drivers/STM32F1xx_HAL_Driver/Src/stm32f1xx_hal_dma.o
LOAD ./Drivers/STM32F1xx_HAL_Driver/Src/stm32f1xx_hal_exti.o
LOAD ./Drivers/STM32F1xx_HAL_Driver/Src/stm32f1xx_hal_flash.o
LOAD ./Drivers/STM32F1xx_HAL_Driver/Src/stm32f1xx_hal_flash_ex.o
LOAD ./Drivers/STM32F1xx_HAL_Driver/Src/stm32f1xx_hal_gpio.o
LOAD ./Drivers/STM32F1xx_HAL_Driver/Src/stm32f1xx_hal_gpio_ex.o
LOAD ./Drivers/STM32F1xx_HAL_Driver/Src/stm32f1xx_hal_pcd.o
LOAD ./Drivers/STM32F1xx_HAL_Driver/Src/stm32f1xx_hal_pcd_ex.o
LOAD ./Drivers/STM32F1xx_HAL_Driver/Src/stm32f1xx_hal_pwr.o
LOAD ./Drivers/STM32F1xx_HAL_Driver/Src/stm32f1xx_hal_rcc.o
LOAD ./Drivers/STM32F1xx_HAL_Driver/Src/stm32f1xx_hal_rcc_ex.o
LOAD ./Drivers/STM32F1xx_HAL_Driver/Src/stm32f1xx_hal_tim.o
LOAD ./Drivers/STM32F1xx_HAL_Driver/Src/stm32f1xx_hal_tim_ex.o
LOAD ./Drivers/STM32F1xx_HAL_Driver/Src/stm32f1xx_ll_usb.o
LOAD ./Middlewares/ST/STM32_USB_Device_Library/Class/CDC/Src/usbd_cdc.o
LOAD ./Middlewares/ST/STM32_USB_Device_Library/Core/Src/usbd_core.o
LOAD ./Middlewares/ST/STM32_USB_Device_Library/Core/Src/usbd_ctlreq.o
LOAD ./Middlewares/ST/STM32_USB_Device_Library/Core/Src/usbd_ioreq.o
LOAD ./USB_DEVICE/App/usb_device.o
LOAD ./USB_DEVICE/App/usbd_cdc_if.o
LOAD ./USB_DEVICE/App/usbd_desc.o
LOAD ./USB_DEVICE/Target/usbd_conf.o
START GROUP
LOAD /home/pyth/st/stm32cubeide_1.13.2/plugins/com.st.stm32cube.ide.mcu.externaltools.gnu-tools-for-stm32.11.3.rel1.linux64_1.1.1.202309131626/tools/bin/../lib/gcc/arm-none-eabi/11.3.1/../../../../arm-none-eabi/lib/thumb/v7-m/nofp/libc_nano.a
LOAD /home/pyth/st/stm32cubeide_1.13.2/plugins/com.st.stm32cube.ide.mcu.externaltools.gnu-tools-for-stm32.11.3.rel1.linux64_1.1.1.202309131626/tools/bin/../lib/gcc/arm-none-eabi/11.3.1/../../../../arm-none-eabi/lib/thumb/v7-m/nofp/libm.a
END GROUP
START GROUP
LOAD /home/pyth/st/stm32cubeide_1.13.2/plugins/com.st.stm32cube.ide.mcu.externaltools.gnu-tools-for-stm32.11.3.rel1.linux64_1.1.1.202309131626/tools/bin/../lib/gcc/arm-none-eabi/11.3.1/thumb/v7-m/nofp/libgcc.a
LOAD /home/pyth/st/stm32cubeide_1.13.2/plugins/com.st.stm32cube.ide.mcu.externaltools.gnu-tools-for-stm32.11.3.rel1.linux64_1.1.1.202309131626/tools/bin/../lib/gcc/arm-none-eabi/11.3.1/../../../../arm-none-eabi/lib/thumb/v7-m/nofp/libc_nano.a
END GROUP
START GROUP
LOAD /home/pyth/st/stm32cubeide_1.13.2/plugins/com.st.stm32cube.ide.mcu.externaltools.gnu-tools-for-stm32.11.3.rel1.linux64_1.1.1.202309131626/tools/bin/../lib/gcc/arm-none-eabi/11.3.1/thumb/v7-m/nofp/libgcc.a
LOAD /home/pyth/st/stm32cubeide_1.13.2/plugins/com.st.stm32cube.ide.mcu.externaltools.gnu-tools-for-stm32.11.3.rel1.linux64_1.1.1.202309131626/tools/bin/../lib/gcc/arm-none-eabi/11.3.1/../../../../arm-none-eabi/lib/thumb/v7-m/nofp/libc_nano.a
LOAD /home/pyth/st/stm32cubeide_1.13.2/plugins/com.st.stm32cube.ide.mcu.externaltools.gnu-tools-for-stm32.11.3.rel1.linux64_1.1.1.202309131626/tools/bin/../lib/gcc/arm-none-eabi/11.3.1/../../../../arm-none-eabi/lib/thumb/v7-m/nofp/libnosys.a
END GROUP
START GROUP
LOAD /home/pyth/st/stm32cubeide_1.13.2/plugins/com.st.stm32cube.ide.mcu.externaltools.gnu-tools-for-stm32.11.3.rel1.linux64_1.1.1.202309131626/tools/bin/../lib/gcc/arm-none-eabi/11.3.1/thumb/v7-m/nofp/libgcc.a
LOAD /home/pyth/st/stm32cubeide_1.13.2/plugins/com.st.stm32cube.ide.mcu.externaltools.gnu-tools-for-stm32.11.3.rel1.linux64_1.1.1.202309131626/tools/bin/../lib/gcc/arm-none-eabi/11.3.1/../../../../arm-none-eabi/lib/thumb/v7-m/nofp/libc_nano.a
LOAD /home/pyth/st/stm32cubeide_1.13.2/plugins/com.st.stm32cube.ide.mcu.externaltools.gnu-tools-for-stm32.11.3.rel1.linux64_1.1.1.202309131626/tools/bin/../lib/gcc/arm-none-eabi/11.3.1/../../../../arm-none-eabi/lib/thumb/v7-m/nofp/libnosys.a
END GROUP
LOAD /home/pyth/st/stm32cubeide_1.13.2/plugins/com.st.stm32cube.ide.mcu.externaltools.gnu-tools-for-stm32.11.3.rel1.linux64_1.1.1.202309131626/tools/bin/../lib/gcc/arm-none-eabi/11.3.1/thumb/v7-m/nofp/crtend.o
LOAD /home/pyth/st/stm32cubeide_1.13.2/plugins/com.st.stm32cube.ide.mcu.externaltools.gnu-tools-for-stm32.11.3.rel1.linux64_1.1.1.202309131626/tools/bin/../lib/gcc/arm-none-eabi/11.3.1/thumb/v7-m/nofp/crtn.o
                0x0000000020005000                _estack = (ORIGIN (RAM) + LENGTH (RAM))
                0x0000000000000200                _Min_Heap_Size = 0x200
                0x0000000000000400                _Min_Stack_Size = 0x400

.isr_vector     0x0000000008000000      0x10c
                0x0000000008000000                . = ALIGN (0x4)
 *(.isr_vector)
 .isr_vector    0x0000000008000000      0x10c ./Core/Startup/startup_stm32f103rbtx.o
                0x0000000008000000                g_pfnVectors
                0x000000000800010c                . = ALIGN (0x4)

.text           0x000000000800010c     0x7424
                0x000000000800010c                . = ALIGN (0x4)
 *(.text)
 .text          0x000000000800010c       0x40 /home/pyth/st/stm32cubeide_1.13.2/plugins/com.st.stm32cube.ide.mcu.externaltools.gnu-tools-for-stm32.11.3.rel1.linux64_1.1.1.202309131626/tools/bin/../lib/gcc/arm-none-eabi/11.3.1/thumb/v7-m/nofp/crtbegin.o
 *(.text*)
 .text.main     0x000000000800014c       0x16 ./Core/Src/main.o
                0x000000000800014c                main
 .text.SystemClock_Config
                0x0000000008000162       0xc0 ./Core/Src/main.o
                0x0000000008000162                SystemClock_Config
 *fill*         0x0000000008000222        0x2 
 .text.MX_GPIO_Init
                0x0000000008000224       0x70 ./Core/Src/main.o
 .text.Error_Handler
                0x0000000008000294        0xa ./Core/Src/main.o
                0x0000000008000294                Error_Handler
 *fill*         0x000000000800029e        0x2 
 .text.HAL_MspInit
                0x00000000080002a0       0x64 ./Core/Src/stm32f1xx_hal_msp.o
                0x00000000080002a0                HAL_MspInit
 .text.NMI_Handler
                0x0000000008000304        0x6 ./Core/Src/stm32f1xx_it.o
                0x0000000008000304                NMI_Handler
 .text.HardFault_Handler
                0x000000000800030a        0x6 ./Core/Src/stm32f1xx_it.o
                0x000000000800030a                HardFault_Handler
 .text.MemManage_Handler
                0x0000000008000310        0x6 ./Core/Src/stm32f1xx_it.o
                0x0000000008000310                MemManage_Handler
 .text.BusFault_Handler
                0x0000000008000316        0x6 ./Core/Src/stm32f1xx_it.o
                0x0000000008000316                BusFault_Handler
 .text.UsageFault_Handler
                0x000000000800031c        0x6 ./Core/Src/stm32f1xx_it.o
                0x000000000800031c                UsageFault_Handler
 .text.SVC_Handler
                0x0000000008000322        0xc ./Core/Src/stm32f1xx_it.o
                0x0000000008000322                SVC_Handler
 .text.DebugMon_Handler
                0x000000000800032e        0xc ./Core/Src/stm32f1xx_it.o
                0x000000000800032e                DebugMon_Handler
 .text.PendSV_Handler
                0x000000000800033a        0xc ./Core/Src/stm32f1xx_it.o
                0x000000000800033a                PendSV_Handler
 .text.SysTick_Handler
                0x0000000008000346        0xc ./Core/Src/stm32f1xx_it.o
                0x0000000008000346                SysTick_Handler
 *fill*         0x0000000008000352        0x2 
 .text.USB_LP_CAN1_RX0_IRQHandler
                0x0000000008000354       0x14 ./Core/Src/stm32f1xx_it.o
                0x0000000008000354                USB_LP_CAN1_RX0_IRQHandler
 .text.SystemInit
                0x0000000008000368        0xc ./Core/Src/system_stm32f1xx.o
                0x0000000008000368                SystemInit
 .text.Reset_Handler
                0x0000000008000374       0x48 ./Core/Startup/startup_stm32f103rbtx.o
                0x0000000008000374                Reset_Handler
 .text.Default_Handler
                0x00000000080003bc        0x2 ./Core/Startup/startup_stm32f103rbtx.o
                0x00000000080003bc                RTC_Alarm_IRQHandler
                0x00000000080003bc                EXTI2_IRQHandler
                0x00000000080003bc                TIM1_CC_IRQHandler
                0x00000000080003bc                PVD_IRQHandler
                0x00000000080003bc                EXTI3_IRQHandler
                0x00000000080003bc                EXTI0_IRQHandler
                0x00000000080003bc                I2C2_EV_IRQHandler
                0x00000000080003bc                ADC1_2_IRQHandler
                0x00000000080003bc                SPI1_IRQHandler
                0x00000000080003bc                TAMPER_IRQHandler
                0x00000000080003bc                DMA1_Channel4_IRQHandler
                0x00000000080003bc                USART3_IRQHandler
                0x00000000080003bc                RTC_IRQHandler
                0x00000000080003bc                DMA1_Channel7_IRQHandler
                0x00000000080003bc                CAN1_RX1_IRQHandler
                0x00000000080003bc                TIM4_IRQHandler
                0x00000000080003bc                I2C1_EV_IRQHandler
                0x00000000080003bc                DMA1_Channel6_IRQHandler
                0x00000000080003bc                TIM3_IRQHandler
                0x00000000080003bc                RCC_IRQHandler
                0x00000000080003bc                TIM1_TRG_COM_IRQHandler
                0x00000000080003bc                DMA1_Channel1_IRQHandler
                0x00000000080003bc                Default_Handler
                0x00000000080003bc                EXTI15_10_IRQHandler
                0x00000000080003bc                EXTI9_5_IRQHandler
                0x00000000080003bc                SPI2_IRQHandler
                0x00000000080003bc                DMA1_Channel5_IRQHandler
                0x00000000080003bc                EXTI4_IRQHandler
                0x00000000080003bc                USB_HP_CAN1_TX_IRQHandler
                0x00000000080003bc                DMA1_Channel3_IRQHandler
                0x00000000080003bc                TIM1_UP_IRQHandler
                0x00000000080003bc                WWDG_IRQHandler
                0x00000000080003bc                TIM2_IRQHandler
                0x00000000080003bc                TIM1_BRK_IRQHandler
                0x00000000080003bc                EXTI1_IRQHandler
                0x00000000080003bc                USART2_IRQHandler
                0x00000000080003bc                I2C2_ER_IRQHandler
                0x00000000080003bc                DMA1_Channel2_IRQHandler
                0x00000000080003bc                CAN1_SCE_IRQHandler
                0x00000000080003bc                FLASH_IRQHandler
                0x00000000080003bc                USART1_IRQHandler
                0x00000000080003bc                I2C1_ER_IRQHandler
                0x00000000080003bc                USBWakeUp_IRQHandler
 *fill*         0x00000000080003be        0x2 
 .text.HAL_Init
                0x00000000080003c0       0x2c ./Drivers/STM32F1xx_HAL_Driver/Src/stm32f1xx_hal.o
                0x00000000080003c0                HAL_Init
 .text.HAL_InitTick
                0x00000000080003ec       0x60 ./Drivers/STM32F1xx_HAL_Driver/Src/stm32f1xx_hal.o
                0x00000000080003ec                HAL_InitTick
 .text.HAL_IncTick
                0x000000000800044c       0x24 ./Drivers/STM32F1xx_HAL_Driver/Src/stm32f1xx_hal.o
                0x000000000800044c                HAL_IncTick
 .text.HAL_GetTick
                0x0000000008000470       0x14 ./Drivers/STM32F1xx_HAL_Driver/Src/stm32f1xx_hal.o
                0x0000000008000470                HAL_GetTick
 .text.__NVIC_SetPriorityGrouping
                0x0000000008000484       0x48 ./Drivers/STM32F1xx_HAL_Driver/Src/stm32f1xx_hal_cortex.o
 .text.__NVIC_GetPriorityGrouping
                0x00000000080004cc       0x1c ./Drivers/STM32F1xx_HAL_Driver/Src/stm32f1xx_hal_cortex.o
 .text.__NVIC_EnableIRQ
                0x00000000080004e8       0x38 ./Drivers/STM32F1xx_HAL_Driver/Src/stm32f1xx_hal_cortex.o
 .text.__NVIC_SetPriority
                0x0000000008000520       0x54 ./Drivers/STM32F1xx_HAL_Driver/Src/stm32f1xx_hal_cortex.o
 .text.NVIC_EncodePriority
                0x0000000008000574       0x64 ./Drivers/STM32F1xx_HAL_Driver/Src/stm32f1xx_hal_cortex.o
 .text.SysTick_Config
                0x00000000080005d8       0x44 ./Drivers/STM32F1xx_HAL_Driver/Src/stm32f1xx_hal_cortex.o
 .text.HAL_NVIC_SetPriorityGrouping
                0x000000000800061c       0x16 ./Drivers/STM32F1xx_HAL_Driver/Src/stm32f1xx_hal_cortex.o
                0x000000000800061c                HAL_NVIC_SetPriorityGrouping
 .text.HAL_NVIC_SetPriority
                0x0000000008000632       0x38 ./Drivers/STM32F1xx_HAL_Driver/Src/stm32f1xx_hal_cortex.o
                0x0000000008000632                HAL_NVIC_SetPriority
 .text.HAL_NVIC_EnableIRQ
                0x000000000800066a       0x1c ./Drivers/STM32F1xx_HAL_Driver/Src/stm32f1xx_hal_cortex.o
                0x000000000800066a                HAL_NVIC_EnableIRQ
 .text.HAL_SYSTICK_Config
                0x0000000008000686       0x18 ./Drivers/STM32F1xx_HAL_Driver/Src/stm32f1xx_hal_cortex.o
                0x0000000008000686                HAL_SYSTICK_Config
 *fill*         0x000000000800069e        0x2 
 .text.HAL_GPIO_Init
                0x00000000080006a0      0x308 ./Drivers/STM32F1xx_HAL_Driver/Src/stm32f1xx_hal_gpio.o
                0x00000000080006a0                HAL_GPIO_Init
 .text.HAL_PCD_Init
                0x00000000080009a8      0x1fe ./Drivers/STM32F1xx_HAL_Driver/Src/stm32f1xx_hal_pcd.o
                0x00000000080009a8                HAL_PCD_Init
 .text.HAL_PCD_Start
                0x0000000008000ba6       0x4c ./Drivers/STM32F1xx_HAL_Driver/Src/stm32f1xx_hal_pcd.o
                0x0000000008000ba6                HAL_PCD_Start
 .text.HAL_PCD_IRQHandler
                0x0000000008000bf2      0x260 ./Drivers/STM32F1xx_HAL_Driver/Src/stm32f1xx_hal_pcd.o
                0x0000000008000bf2                HAL_PCD_IRQHandler
 .text.HAL_PCD_SetAddress
                0x0000000008000e52       0x4a ./Drivers/STM32F1xx_HAL_Driver/Src/stm32f1xx_hal_pcd.o
                0x0000000008000e52                HAL_PCD_SetAddress
 .text.HAL_PCD_EP_Open
                0x0000000008000e9c       0xba ./Drivers/STM32F1xx_HAL_Driver/Src/stm32f1xx_hal_pcd.o
                0x0000000008000e9c                HAL_PCD_EP_Open
 .text.HAL_PCD_EP_Close
                0x0000000008000f56       0x90 ./Drivers/STM32F1xx_HAL_Driver/Src/stm32f1xx_hal_pcd.o
                0x0000000008000f56                HAL_PCD_EP_Close
 .text.HAL_PCD_EP_Receive
                0x0000000008000fe6       0x62 ./Drivers/STM32F1xx_HAL_Driver/Src/stm32f1xx_hal_pcd.o
                0x0000000008000fe6                HAL_PCD_EP_Receive
 .text.HAL_PCD_EP_GetRxCount
                0x0000000008001048       0x2e ./Drivers/STM32F1xx_HAL_Driver/Src/stm32f1xx_hal_pcd.o
                0x0000000008001048                HAL_PCD_EP_GetRxCount
 .text.HAL_PCD_EP_Transmit
                0x0000000008001076       0x6e ./Drivers/STM32F1xx_HAL_Driver/Src/stm32f1xx_hal_pcd.o
                0x0000000008001076                HAL_PCD_EP_Transmit
 .text.HAL_PCD_EP_SetStall
                0x00000000080010e4       0xc0 ./Drivers/STM32F1xx_HAL_Driver/Src/stm32f1xx_hal_pcd.o
                0x00000000080010e4                HAL_PCD_EP_SetStall
 .text.HAL_PCD_EP_ClrStall
                0x00000000080011a4       0xa8 ./Drivers/STM32F1xx_HAL_Driver/Src/stm32f1xx_hal_pcd.o
                0x00000000080011a4                HAL_PCD_EP_ClrStall
 .text.PCD_EP_ISR_Handler
                0x000000000800124c      0x7a6 ./Drivers/STM32F1xx_HAL_Driver/Src/stm32f1xx_hal_pcd.o
 .text.HAL_PCD_EP_DB_Receive
                0x00000000080019f2      0x21a ./Drivers/STM32F1xx_HAL_Driver/Src/stm32f1xx_hal_pcd.o
 .text.HAL_PCD_EP_DB_Transmit
                0x0000000008001c0c      0x7f4 ./Drivers/STM32F1xx_HAL_Driver/Src/stm32f1xx_hal_pcd.o
 .text.HAL_PCDEx_PMAConfig
                0x0000000008002400       0x84 ./Drivers/STM32F1xx_HAL_Driver/Src/stm32f1xx_hal_pcd_ex.o
                0x0000000008002400                HAL_PCDEx_PMAConfig
 .text.HAL_RCC_OscConfig
                0x0000000008002484      0x504 ./Drivers/STM32F1xx_HAL_Driver/Src/stm32f1xx_hal_rcc.o
                0x0000000008002484                HAL_RCC_OscConfig
 .text.HAL_RCC_ClockConfig
                0x0000000008002988      0x1d4 ./Drivers/STM32F1xx_HAL_Driver/Src/stm32f1xx_hal_rcc.o
                0x0000000008002988                HAL_RCC_ClockConfig
 .text.HAL_RCC_MCOConfig
                0x0000000008002b5c       0x70 ./Drivers/STM32F1xx_HAL_Driver/Src/stm32f1xx_hal_rcc.o
                0x0000000008002b5c                HAL_RCC_MCOConfig
 .text.HAL_RCC_GetSysClockFreq
                0x0000000008002bcc       0xa8 ./Drivers/STM32F1xx_HAL_Driver/Src/stm32f1xx_hal_rcc.o
                0x0000000008002bcc                HAL_RCC_GetSysClockFreq
 .text.RCC_Delay
                0x0000000008002c74       0x3c ./Drivers/STM32F1xx_HAL_Driver/Src/stm32f1xx_hal_rcc.o
 .text.HAL_RCCEx_PeriphCLKConfig
                0x0000000008002cb0      0x16c ./Drivers/STM32F1xx_HAL_Driver/Src/stm32f1xx_hal_rcc_ex.o
                0x0000000008002cb0                HAL_RCCEx_PeriphCLKConfig
 .text.USB_CoreInit
                0x0000000008002e1c       0x20 ./Drivers/STM32F1xx_HAL_Driver/Src/stm32f1xx_ll_usb.o
                0x0000000008002e1c                USB_CoreInit
 .text.USB_EnableGlobalInt
                0x0000000008002e3c       0x2c ./Drivers/STM32F1xx_HAL_Driver/Src/stm32f1xx_ll_usb.o
                0x0000000008002e3c                USB_EnableGlobalInt
 .text.USB_DisableGlobalInt
                0x0000000008002e68       0x34 ./Drivers/STM32F1xx_HAL_Driver/Src/stm32f1xx_ll_usb.o
                0x0000000008002e68                USB_DisableGlobalInt
 .text.USB_SetCurrentMode
                0x0000000008002e9c       0x18 ./Drivers/STM32F1xx_HAL_Driver/Src/stm32f1xx_ll_usb.o
                0x0000000008002e9c                USB_SetCurrentMode
 .text.USB_DevInit
                0x0000000008002eb4       0x40 ./Drivers/STM32F1xx_HAL_Driver/Src/stm32f1xx_ll_usb.o
                0x0000000008002eb4                USB_DevInit
 .text.USB_ActivateEndpoint
                0x0000000008002ef4      0x780 ./Drivers/STM32F1xx_HAL_Driver/Src/stm32f1xx_ll_usb.o
                0x0000000008002ef4                USB_ActivateEndpoint
 .text.USB_DeactivateEndpoint
                0x0000000008003674      0x3d8 ./Drivers/STM32F1xx_HAL_Driver/Src/stm32f1xx_ll_usb.o
                0x0000000008003674                USB_DeactivateEndpoint
 .text.USB_EPStartXfer
                0x0000000008003a4c     0x1762 ./Drivers/STM32F1xx_HAL_Driver/Src/stm32f1xx_ll_usb.o
                0x0000000008003a4c                USB_EPStartXfer
 .text.USB_EPSetStall
                0x00000000080051ae       0xa0 ./Drivers/STM32F1xx_HAL_Driver/Src/stm32f1xx_ll_usb.o
                0x00000000080051ae                USB_EPSetStall
 .text.USB_EPClearStall
                0x000000000800524e      0x15a ./Drivers/STM32F1xx_HAL_Driver/Src/stm32f1xx_ll_usb.o
                0x000000000800524e                USB_EPClearStall
 .text.USB_SetDevAddress
                0x00000000080053a8       0x26 ./Drivers/STM32F1xx_HAL_Driver/Src/stm32f1xx_ll_usb.o
                0x00000000080053a8                USB_SetDevAddress
 .text.USB_DevConnect
                0x00000000080053ce       0x14 ./Drivers/STM32F1xx_HAL_Driver/Src/stm32f1xx_ll_usb.o
                0x00000000080053ce                USB_DevConnect
 .text.USB_DevDisconnect
                0x00000000080053e2       0x14 ./Drivers/STM32F1xx_HAL_Driver/Src/stm32f1xx_ll_usb.o
                0x00000000080053e2                USB_DevDisconnect
 .text.USB_ReadInterrupts
                0x00000000080053f6       0x1e ./Drivers/STM32F1xx_HAL_Driver/Src/stm32f1xx_ll_usb.o
                0x00000000080053f6                USB_ReadInterrupts
 .text.USB_EP0_OutStart
                0x0000000008005414       0x16 ./Drivers/STM32F1xx_HAL_Driver/Src/stm32f1xx_ll_usb.o
                0x0000000008005414                USB_EP0_OutStart
 .text.USB_WritePMA
                0x000000000800542a       0x8a ./Drivers/STM32F1xx_HAL_Driver/Src/stm32f1xx_ll_usb.o
                0x000000000800542a                USB_WritePMA
 .text.USB_ReadPMA
                0x00000000080054b4       0x9e ./Drivers/STM32F1xx_HAL_Driver/Src/stm32f1xx_ll_usb.o
                0x00000000080054b4                USB_ReadPMA
 .text.USBD_CDC_Init
                0x0000000008005552       0xf4 ./Middlewares/ST/STM32_USB_Device_Library/Class/CDC/Src/usbd_cdc.o
 .text.USBD_CDC_DeInit
                0x0000000008005646       0x6e ./Middlewares/ST/STM32_USB_Device_Library/Class/CDC/Src/usbd_cdc.o
 .text.USBD_CDC_Setup
                0x00000000080056b4      0x146 ./Middlewares/ST/STM32_USB_Device_Library/Class/CDC/Src/usbd_cdc.o
 .text.USBD_CDC_DataIn
                0x00000000080057fa       0xa6 ./Middlewares/ST/STM32_USB_Device_Library/Class/CDC/Src/usbd_cdc.o
 .text.USBD_CDC_DataOut
                0x00000000080058a0       0x56 ./Middlewares/ST/STM32_USB_Device_Library/Class/CDC/Src/usbd_cdc.o
 .text.USBD_CDC_EP0_RxReady
                0x00000000080058f6       0x50 ./Middlewares/ST/STM32_USB_Device_Library/Class/CDC/Src/usbd_cdc.o
 *fill*         0x0000000008005946        0x2 
 .text.USBD_CDC_GetFSCfgDesc
                0x0000000008005948       0x20 ./Middlewares/ST/STM32_USB_Device_Library/Class/CDC/Src/usbd_cdc.o
 .text.USBD_CDC_GetHSCfgDesc
                0x0000000008005968       0x20 ./Middlewares/ST/STM32_USB_Device_Library/Class/CDC/Src/usbd_cdc.o
 .text.USBD_CDC_GetOtherSpeedCfgDesc
                0x0000000008005988       0x20 ./Middlewares/ST/STM32_USB_Device_Library/Class/CDC/Src/usbd_cdc.o
 .text.USBD_CDC_GetDeviceQualifierDescriptor
                0x00000000080059a8       0x20 ./Middlewares/ST/STM32_USB_Device_Library/Class/CDC/Src/usbd_cdc.o
                0x00000000080059a8                USBD_CDC_GetDeviceQualifierDescriptor
 .text.USBD_CDC_RegisterInterface
                0x00000000080059c8       0x2c ./Middlewares/ST/STM32_USB_Device_Library/Class/CDC/Src/usbd_cdc.o
                0x00000000080059c8                USBD_CDC_RegisterInterface
 .text.USBD_CDC_SetTxBuffer
                0x00000000080059f4       0x32 ./Middlewares/ST/STM32_USB_Device_Library/Class/CDC/Src/usbd_cdc.o
                0x00000000080059f4                USBD_CDC_SetTxBuffer
 .text.USBD_CDC_SetRxBuffer
                0x0000000008005a26       0x26 ./Middlewares/ST/STM32_USB_Device_Library/Class/CDC/Src/usbd_cdc.o
                0x0000000008005a26                USBD_CDC_SetRxBuffer
 .text.USBD_CDC_ReceivePacket
                0x0000000008005a4c       0x54 ./Middlewares/ST/STM32_USB_Device_Library/Class/CDC/Src/usbd_cdc.o
                0x0000000008005a4c                USBD_CDC_ReceivePacket
 .text.USBD_Init
                0x0000000008005aa0       0x56 ./Middlewares/ST/STM32_USB_Device_Library/Core/Src/usbd_core.o
                0x0000000008005aa0                USBD_Init
 .text.USBD_RegisterClass
                0x0000000008005af6       0x32 ./Middlewares/ST/STM32_USB_Device_Library/Core/Src/usbd_core.o
                0x0000000008005af6                USBD_RegisterClass
 .text.USBD_Start
                0x0000000008005b28       0x18 ./Middlewares/ST/STM32_USB_Device_Library/Core/Src/usbd_core.o
                0x0000000008005b28                USBD_Start
 .text.USBD_RunTestMode
                0x0000000008005b40       0x14 ./Middlewares/ST/STM32_USB_Device_Library/Core/Src/usbd_core.o
                0x0000000008005b40                USBD_RunTestMode
 .text.USBD_SetClassConfig
                0x0000000008005b54       0x3e ./Middlewares/ST/STM32_USB_Device_Library/Core/Src/usbd_core.o
                0x0000000008005b54                USBD_SetClassConfig
 .text.USBD_ClrClassConfig
                0x0000000008005b92       0x26 ./Middlewares/ST/STM32_USB_Device_Library/Core/Src/usbd_core.o
                0x0000000008005b92                USBD_ClrClassConfig
 .text.USBD_LL_SetupStage
                0x0000000008005bb8       0x9a ./Middlewares/ST/STM32_USB_Device_Library/Core/Src/usbd_core.o
                0x0000000008005bb8                USBD_LL_SetupStage
 .text.USBD_LL_DataOutStage
                0x0000000008005c52       0xe2 ./Middlewares/ST/STM32_USB_Device_Library/Core/Src/usbd_core.o
                0x0000000008005c52                USBD_LL_DataOutStage
 .text.USBD_LL_DataInStage
                0x0000000008005d34      0x14a ./Middlewares/ST/STM32_USB_Device_Library/Core/Src/usbd_core.o
                0x0000000008005d34                USBD_LL_DataInStage
 .text.USBD_LL_Reset
                0x0000000008005e7e       0x82 ./Middlewares/ST/STM32_USB_Device_Library/Core/Src/usbd_core.o
                0x0000000008005e7e                USBD_LL_Reset
 .text.USBD_LL_SetSpeed
                0x0000000008005f00       0x1e ./Middlewares/ST/STM32_USB_Device_Library/Core/Src/usbd_core.o
                0x0000000008005f00                USBD_LL_SetSpeed
 .text.USBD_LL_Suspend
                0x0000000008005f1e       0x28 ./Middlewares/ST/STM32_USB_Device_Library/Core/Src/usbd_core.o
                0x0000000008005f1e                USBD_LL_Suspend
 .text.USBD_LL_Resume
                0x0000000008005f46       0x2a ./Middlewares/ST/STM32_USB_Device_Library/Core/Src/usbd_core.o
                0x0000000008005f46                USBD_LL_Resume
 .text.USBD_LL_SOF
                0x0000000008005f70       0x34 ./Middlewares/ST/STM32_USB_Device_Library/Core/Src/usbd_core.o
                0x0000000008005f70                USBD_LL_SOF
 .text.USBD_StdDevReq
                0x0000000008005fa4       0xd4 ./Middlewares/ST/STM32_USB_Device_Library/Core/Src/usbd_ctlreq.o
                0x0000000008005fa4                USBD_StdDevReq
 .text.USBD_StdItfReq
                0x0000000008006078       0x90 ./Middlewares/ST/STM32_USB_Device_Library/Core/Src/usbd_ctlreq.o
                0x0000000008006078                USBD_StdItfReq
 .text.USBD_StdEPReq
                0x0000000008006108      0x2c6 ./Middlewares/ST/STM32_USB_Device_Library/Core/Src/usbd_ctlreq.o
                0x0000000008006108                USBD_StdEPReq
 *fill*         0x00000000080063ce        0x2 
 .text.USBD_GetDescriptor
                0x00000000080063d0      0x2d0 ./Middlewares/ST/STM32_USB_Device_Library/Core/Src/usbd_ctlreq.o
 .text.USBD_SetAddress
                0x00000000080066a0       0x86 ./Middlewares/ST/STM32_USB_Device_Library/Core/Src/usbd_ctlreq.o
 *fill*         0x0000000008006726        0x2 
 .text.USBD_SetConfig
                0x0000000008006728      0x11c ./Middlewares/ST/STM32_USB_Device_Library/Core/Src/usbd_ctlreq.o
 .text.USBD_GetConfig
                0x0000000008006844       0x6a ./Middlewares/ST/STM32_USB_Device_Library/Core/Src/usbd_ctlreq.o
 .text.USBD_GetStatus
                0x00000000080068ae       0x66 ./Middlewares/ST/STM32_USB_Device_Library/Core/Src/usbd_ctlreq.o
 .text.USBD_SetFeature
                0x0000000008006914       0x28 ./Middlewares/ST/STM32_USB_Device_Library/Core/Src/usbd_ctlreq.o
 .text.USBD_ClrFeature
                0x000000000800693c       0x42 ./Middlewares/ST/STM32_USB_Device_Library/Core/Src/usbd_ctlreq.o
 .text.USBD_ParseSetupRequest
                0x000000000800697e       0x78 ./Middlewares/ST/STM32_USB_Device_Library/Core/Src/usbd_ctlreq.o
                0x000000000800697e                USBD_ParseSetupRequest
 .text.USBD_CtlError
                0x00000000080069f6       0x22 ./Middlewares/ST/STM32_USB_Device_Library/Core/Src/usbd_ctlreq.o
                0x00000000080069f6                USBD_CtlError
 .text.USBD_GetString
                0x0000000008006a18       0x84 ./Middlewares/ST/STM32_USB_Device_Library/Core/Src/usbd_ctlreq.o
                0x0000000008006a18                USBD_GetString
 .text.USBD_GetLen
                0x0000000008006a9c       0x2e ./Middlewares/ST/STM32_USB_Device_Library/Core/Src/usbd_ctlreq.o
 .text.USBD_CtlSendData
                0x0000000008006aca       0x38 ./Middlewares/ST/STM32_USB_Device_Library/Core/Src/usbd_ioreq.o
                0x0000000008006aca                USBD_CtlSendData
 .text.USBD_CtlContinueSendData
                0x0000000008006b02       0x24 ./Middlewares/ST/STM32_USB_Device_Library/Core/Src/usbd_ioreq.o
                0x0000000008006b02                USBD_CtlContinueSendData
 .text.USBD_CtlPrepareRx
                0x0000000008006b26       0x3c ./Middlewares/ST/STM32_USB_Device_Library/Core/Src/usbd_ioreq.o
                0x0000000008006b26                USBD_CtlPrepareRx
 .text.USBD_CtlContinueRx
                0x0000000008006b62       0x24 ./Middlewares/ST/STM32_USB_Device_Library/Core/Src/usbd_ioreq.o
                0x0000000008006b62                USBD_CtlContinueRx
 .text.USBD_CtlSendStatus
                0x0000000008006b86       0x26 ./Middlewares/ST/STM32_USB_Device_Library/Core/Src/usbd_ioreq.o
                0x0000000008006b86                USBD_CtlSendStatus
 .text.USBD_CtlReceiveStatus
                0x0000000008006bac       0x26 ./Middlewares/ST/STM32_USB_Device_Library/Core/Src/usbd_ioreq.o
                0x0000000008006bac                USBD_CtlReceiveStatus
 *fill*         0x0000000008006bd2        0x2 
 .text.MX_USB_DEVICE_Init
                0x0000000008006bd4       0x60 ./USB_DEVICE/App/usb_device.o
                0x0000000008006bd4                MX_USB_DEVICE_Init
 .text.CDC_Init_FS
                0x0000000008006c34       0x28 ./USB_DEVICE/App/usbd_cdc_if.o
 .text.CDC_DeInit_FS
                0x0000000008006c5c        0xe ./USB_DEVICE/App/usbd_cdc_if.o
 *fill*         0x0000000008006c6a        0x2 
 .text.CDC_Control_FS
                0x0000000008006c6c       0xbc ./USB_DEVICE/App/usbd_cdc_if.o
 .text.CDC_Receive_FS
                0x0000000008006d28       0x28 ./USB_DEVICE/App/usbd_cdc_if.o
 .text.USBD_FS_DeviceDescriptor
                0x0000000008006d50       0x24 ./USB_DEVICE/App/usbd_desc.o
                0x0000000008006d50                USBD_FS_DeviceDescriptor
 .text.USBD_FS_LangIDStrDescriptor
                0x0000000008006d74       0x24 ./USB_DEVICE/App/usbd_desc.o
                0x0000000008006d74                USBD_FS_LangIDStrDescriptor
 .text.USBD_FS_ProductStrDescriptor
                0x0000000008006d98       0x3c ./USB_DEVICE/App/usbd_desc.o
                0x0000000008006d98                USBD_FS_ProductStrDescriptor
 .text.USBD_FS_ManufacturerStrDescriptor
                0x0000000008006dd4       0x28 ./USB_DEVICE/App/usbd_desc.o
                0x0000000008006dd4                USBD_FS_ManufacturerStrDescriptor
 .text.USBD_FS_SerialStrDescriptor
                0x0000000008006dfc       0x24 ./USB_DEVICE/App/usbd_desc.o
                0x0000000008006dfc                USBD_FS_SerialStrDescriptor
 .text.USBD_FS_ConfigStrDescriptor
                0x0000000008006e20       0x3c ./USB_DEVICE/App/usbd_desc.o
                0x0000000008006e20                USBD_FS_ConfigStrDescriptor
 .text.USBD_FS_InterfaceStrDescriptor
                0x0000000008006e5c       0x3c ./USB_DEVICE/App/usbd_desc.o
                0x0000000008006e5c                USBD_FS_InterfaceStrDescriptor
 .text.Get_SerialNum
                0x0000000008006e98       0x58 ./USB_DEVICE/App/usbd_desc.o
 .text.IntToUnicode
                0x0000000008006ef0       0x7c ./USB_DEVICE/App/usbd_desc.o
 .text.HAL_PCD_MspInit
                0x0000000008006f6c       0x4c ./USB_DEVICE/Target/usbd_conf.o
                0x0000000008006f6c                HAL_PCD_MspInit
 .text.HAL_PCD_SetupStageCallback
                0x0000000008006fb8       0x24 ./USB_DEVICE/Target/usbd_conf.o
                0x0000000008006fb8                HAL_PCD_SetupStageCallback
 .text.HAL_PCD_DataOutStageCallback
                0x0000000008006fdc       0x36 ./USB_DEVICE/Target/usbd_conf.o
                0x0000000008006fdc                HAL_PCD_DataOutStageCallback
 .text.HAL_PCD_DataInStageCallback
                0x0000000008007012       0x34 ./USB_DEVICE/Target/usbd_conf.o
                0x0000000008007012                HAL_PCD_DataInStageCallback
 .text.HAL_PCD_SOFCallback
                0x0000000008007046       0x1c ./USB_DEVICE/Target/usbd_conf.o
                0x0000000008007046                HAL_PCD_SOFCallback
 .text.HAL_PCD_ResetCallback
                0x0000000008007062       0x3c ./USB_DEVICE/Target/usbd_conf.o
                0x0000000008007062                HAL_PCD_ResetCallback
 *fill*         0x000000000800709e        0x2 
 .text.HAL_PCD_SuspendCallback
                0x00000000080070a0       0x34 ./USB_DEVICE/Target/usbd_conf.o
                0x00000000080070a0                HAL_PCD_SuspendCallback
 .text.HAL_PCD_ResumeCallback
                0x00000000080070d4       0x1c ./USB_DEVICE/Target/usbd_conf.o
                0x00000000080070d4                HAL_PCD_ResumeCallback
 .text.USBD_LL_Init
                0x00000000080070f0       0xb4 ./USB_DEVICE/Target/usbd_conf.o
                0x00000000080070f0                USBD_LL_Init
 .text.USBD_LL_Start
                0x00000000080071a4       0x36 ./USB_DEVICE/Target/usbd_conf.o
                0x00000000080071a4                USBD_LL_Start
 .text.USBD_LL_OpenEP
                0x00000000080071da       0x4c ./USB_DEVICE/Target/usbd_conf.o
                0x00000000080071da                USBD_LL_OpenEP
 .text.USBD_LL_CloseEP
                0x0000000008007226       0x3e ./USB_DEVICE/Target/usbd_conf.o
                0x0000000008007226                USBD_LL_CloseEP
 .text.USBD_LL_StallEP
                0x0000000008007264       0x3e ./USB_DEVICE/Target/usbd_conf.o
                0x0000000008007264                USBD_LL_StallEP
 .text.USBD_LL_ClearStallEP
                0x00000000080072a2       0x3e ./USB_DEVICE/Target/usbd_conf.o
                0x00000000080072a2                USBD_LL_ClearStallEP
 .text.USBD_LL_IsStallEP
                0x00000000080072e0       0x58 ./USB_DEVICE/Target/usbd_conf.o
                0x00000000080072e0                USBD_LL_IsStallEP
 .text.USBD_LL_SetUSBAddress
                0x0000000008007338       0x3e ./USB_DEVICE/Target/usbd_conf.o
                0x0000000008007338                USBD_LL_SetUSBAddress
 .text.USBD_LL_Transmit
                0x0000000008007376       0x46 ./USB_DEVICE/Target/usbd_conf.o
                0x0000000008007376                USBD_LL_Transmit
 .text.USBD_LL_PrepareReceive
                0x00000000080073bc       0x46 ./USB_DEVICE/Target/usbd_conf.o
                0x00000000080073bc                USBD_LL_PrepareReceive
 .text.USBD_LL_GetRxDataSize
                0x0000000008007402       0x26 ./USB_DEVICE/Target/usbd_conf.o
                0x0000000008007402                USBD_LL_GetRxDataSize
 .text.USBD_static_malloc
                0x0000000008007428       0x18 ./USB_DEVICE/Target/usbd_conf.o
                0x0000000008007428                USBD_static_malloc
 .text.USBD_static_free
                0x0000000008007440       0x12 ./USB_DEVICE/Target/usbd_conf.o
                0x0000000008007440                USBD_static_free
 .text.HAL_PCDEx_SetConnectionState
                0x0000000008007452       0x16 ./USB_DEVICE/Target/usbd_conf.o
                0x0000000008007452                HAL_PCDEx_SetConnectionState
 .text.USBD_Get_USB_Status
                0x0000000008007468       0x58 ./USB_DEVICE/Target/usbd_conf.o
 .text.memset   0x00000000080074c0       0x10 /home/pyth/st/stm32cubeide_1.13.2/plugins/com.st.stm32cube.ide.mcu.externaltools.gnu-tools-for-stm32.11.3.rel1.linux64_1.1.1.202309131626/tools/bin/../lib/gcc/arm-none-eabi/11.3.1/../../../../arm-none-eabi/lib/thumb/v7-m/nofp/libc_nano.a(libc_a-memset.o)
                0x00000000080074c0                memset
 .text.__libc_init_array
                0x00000000080074d0       0x48 /home/pyth/st/stm32cubeide_1.13.2/plugins/com.st.stm32cube.ide.mcu.externaltools.gnu-tools-for-stm32.11.3.rel1.linux64_1.1.1.202309131626/tools/bin/../lib/gcc/arm-none-eabi/11.3.1/../../../../arm-none-eabi/lib/thumb/v7-m/nofp/libc_nano.a(libc_a-init.o)
                0x00000000080074d0                __libc_init_array
 *(.glue_7)
 .glue_7        0x0000000008007518        0x0 linker stubs
 *(.glue_7t)
 .glue_7t       0x0000000008007518        0x0 linker stubs
 *(.eh_frame)
 .eh_frame      0x0000000008007518        0x0 /home/pyth/st/stm32cubeide_1.13.2/plugins/com.st.stm32cube.ide.mcu.externaltools.gnu-tools-for-stm32.11.3.rel1.linux64_1.1.1.202309131626/tools/bin/../lib/gcc/arm-none-eabi/11.3.1/thumb/v7-m/nofp/crtbegin.o
 *(.init)
 .init          0x0000000008007518        0x4 /home/pyth/st/stm32cubeide_1.13.2/plugins/com.st.stm32cube.ide.mcu.externaltools.gnu-tools-for-stm32.11.3.rel1.linux64_1.1.1.202309131626/tools/bin/../lib/gcc/arm-none-eabi/11.3.1/thumb/v7-m/nofp/crti.o
                0x0000000008007518                _init
 .init          0x000000000800751c        0x8 /home/pyth/st/stm32cubeide_1.13.2/plugins/com.st.stm32cube.ide.mcu.externaltools.gnu-tools-for-stm32.11.3.rel1.linux64_1.1.1.202309131626/tools/bin/../lib/gcc/arm-none-eabi/11.3.1/thumb/v7-m/nofp/crtn.o
 *(.fini)
 .fini          0x0000000008007524        0x4 /home/pyth/st/stm32cubeide_1.13.2/plugins/com.st.stm32cube.ide.mcu.externaltools.gnu-tools-for-stm32.11.3.rel1.linux64_1.1.1.202309131626/tools/bin/../lib/gcc/arm-none-eabi/11.3.1/thumb/v7-m/nofp/crti.o
                0x0000000008007524                _fini
 .fini          0x0000000008007528        0x8 /home/pyth/st/stm32cubeide_1.13.2/plugins/com.st.stm32cube.ide.mcu.externaltools.gnu-tools-for-stm32.11.3.rel1.linux64_1.1.1.202309131626/tools/bin/../lib/gcc/arm-none-eabi/11.3.1/thumb/v7-m/nofp/crtn.o
                0x0000000008007530                . = ALIGN (0x4)
                0x0000000008007530                _etext = .

.vfp11_veneer   0x0000000008007530        0x0
 .vfp11_veneer  0x0000000008007530        0x0 linker stubs

.v4_bx          0x0000000008007530        0x0
 .v4_bx         0x0000000008007530        0x0 linker stubs

.iplt           0x0000000008007530        0x0
 .iplt          0x0000000008007530        0x0 /home/pyth/st/stm32cubeide_1.13.2/plugins/com.st.stm32cube.ide.mcu.externaltools.gnu-tools-for-stm32.11.3.rel1.linux64_1.1.1.202309131626/tools/bin/../lib/gcc/arm-none-eabi/11.3.1/thumb/v7-m/nofp/crtbegin.o

.rodata         0x0000000008007530       0x6c
                0x0000000008007530                . = ALIGN (0x4)
 *(.rodata)
 .rodata        0x0000000008007530       0x46 ./USB_DEVICE/App/usbd_desc.o
 *(.rodata*)
 *fill*         0x0000000008007576        0x2 
 .rodata.AHBPrescTable
                0x0000000008007578       0x10 ./Core/Src/system_stm32f1xx.o
                0x0000000008007578                AHBPrescTable
 .rodata.aPLLMULFactorTable.1
                0x0000000008007588       0x10 ./Drivers/STM32F1xx_HAL_Driver/Src/stm32f1xx_hal_rcc.o
 .rodata.aPredivFactorTable.0
                0x0000000008007598        0x2 ./Drivers/STM32F1xx_HAL_Driver/Src/stm32f1xx_hal_rcc.o
                0x000000000800759c                . = ALIGN (0x4)
 *fill*         0x000000000800759a        0x2 

.rel.dyn        0x000000000800759c        0x0
 .rel.iplt      0x000000000800759c        0x0 /home/pyth/st/stm32cubeide_1.13.2/plugins/com.st.stm32cube.ide.mcu.externaltools.gnu-tools-for-stm32.11.3.rel1.linux64_1.1.1.202309131626/tools/bin/../lib/gcc/arm-none-eabi/11.3.1/thumb/v7-m/nofp/crtbegin.o

.ARM.extab      0x000000000800759c        0x0
                0x000000000800759c                . = ALIGN (0x4)
 *(.ARM.extab* .gnu.linkonce.armextab.*)
                0x000000000800759c                . = ALIGN (0x4)

.ARM            0x000000000800759c        0x0
                0x000000000800759c                . = ALIGN (0x4)
                0x000000000800759c                __exidx_start = .
 *(.ARM.exidx*)
                0x000000000800759c                __exidx_end = .
                0x000000000800759c                . = ALIGN (0x4)

.preinit_array  0x000000000800759c        0x0
                0x000000000800759c                . = ALIGN (0x4)
                0x000000000800759c                PROVIDE (__preinit_array_start = .)
 *(.preinit_array*)
                0x000000000800759c                PROVIDE (__preinit_array_end = .)
                0x000000000800759c                . = ALIGN (0x4)

.init_array     0x000000000800759c        0x4
                0x000000000800759c                . = ALIGN (0x4)
                0x000000000800759c                PROVIDE (__init_array_start = .)
 *(SORT_BY_NAME(.init_array.*))
 *(.init_array*)
 .init_array    0x000000000800759c        0x4 /home/pyth/st/stm32cubeide_1.13.2/plugins/com.st.stm32cube.ide.mcu.externaltools.gnu-tools-for-stm32.11.3.rel1.linux64_1.1.1.202309131626/tools/bin/../lib/gcc/arm-none-eabi/11.3.1/thumb/v7-m/nofp/crtbegin.o
                0x00000000080075a0                PROVIDE (__init_array_end = .)
                0x00000000080075a0                . = ALIGN (0x4)

.fini_array     0x00000000080075a0        0x4
                0x00000000080075a0                . = ALIGN (0x4)
                [!provide]                        PROVIDE (__fini_array_start = .)
 *(SORT_BY_NAME(.fini_array.*))
 *(.fini_array*)
 .fini_array    0x00000000080075a0        0x4 /home/pyth/st/stm32cubeide_1.13.2/plugins/com.st.stm32cube.ide.mcu.externaltools.gnu-tools-for-stm32.11.3.rel1.linux64_1.1.1.202309131626/tools/bin/../lib/gcc/arm-none-eabi/11.3.1/thumb/v7-m/nofp/crtbegin.o
                [!provide]                        PROVIDE (__fini_array_end = .)
                0x00000000080075a4                . = ALIGN (0x4)
                0x00000000080075a4                _sidata = LOADADDR (.data)

.data           0x0000000020000000      0x17c load address 0x00000000080075a4
                0x0000000020000000                . = ALIGN (0x4)
                0x0000000020000000                _sdata = .
 *(.data)
 *(.data*)
 .data.SystemCoreClock
                0x0000000020000000        0x4 ./Core/Src/system_stm32f1xx.o
                0x0000000020000000                SystemCoreClock
 .data.uwTickPrio
                0x0000000020000004        0x4 ./Drivers/STM32F1xx_HAL_Driver/Src/stm32f1xx_hal.o
                0x0000000020000004                uwTickPrio
 .data.uwTickFreq
                0x0000000020000008        0x1 ./Drivers/STM32F1xx_HAL_Driver/Src/stm32f1xx_hal.o
                0x0000000020000008                uwTickFreq
 *fill*         0x0000000020000009        0x3 
 .data.USBD_CDC_DeviceQualifierDesc
                0x000000002000000c        0xa ./Middlewares/ST/STM32_USB_Device_Library/Class/CDC/Src/usbd_cdc.o
 *fill*         0x0000000020000016        0x2 
 .data.USBD_CDC
                0x0000000020000018       0x38 ./Middlewares/ST/STM32_USB_Device_Library/Class/CDC/Src/usbd_cdc.o
                0x0000000020000018                USBD_CDC
 .data.USBD_CDC_CfgHSDesc
                0x0000000020000050       0x43 ./Middlewares/ST/STM32_USB_Device_Library/Class/CDC/Src/usbd_cdc.o
                0x0000000020000050                USBD_CDC_CfgHSDesc
 *fill*         0x0000000020000093        0x1 
 .data.USBD_CDC_CfgFSDesc
                0x0000000020000094       0x43 ./Middlewares/ST/STM32_USB_Device_Library/Class/CDC/Src/usbd_cdc.o
                0x0000000020000094                USBD_CDC_CfgFSDesc
 *fill*         0x00000000200000d7        0x1 
 .data.USBD_CDC_OtherSpeedCfgDesc
                0x00000000200000d8       0x43 ./Middlewares/ST/STM32_USB_Device_Library/Class/CDC/Src/usbd_cdc.o
                0x00000000200000d8                USBD_CDC_OtherSpeedCfgDesc
 *fill*         0x000000002000011b        0x1 
 .data.USBD_Interface_fops_FS
                0x000000002000011c       0x10 ./USB_DEVICE/App/usbd_cdc_if.o
                0x000000002000011c                USBD_Interface_fops_FS
 .data.FS_Desc  0x000000002000012c       0x1c ./USB_DEVICE/App/usbd_desc.o
                0x000000002000012c                FS_Desc
 .data.USBD_FS_DeviceDesc
                0x0000000020000148       0x12 ./USB_DEVICE/App/usbd_desc.o
                0x0000000020000148                USBD_FS_DeviceDesc
 *fill*         0x000000002000015a        0x2 
 .data.USBD_LangIDDesc
                0x000000002000015c        0x4 ./USB_DEVICE/App/usbd_desc.o
                0x000000002000015c                USBD_LangIDDesc
 .data.USBD_StringSerial
                0x0000000020000160       0x1a ./USB_DEVICE/App/usbd_desc.o
                0x0000000020000160                USBD_StringSerial
 *(.RamFunc)
 *(.RamFunc*)
                0x000000002000017c                . = ALIGN (0x4)
 *fill*         0x000000002000017a        0x2 
                0x000000002000017c                _edata = .

.igot.plt       0x000000002000017c        0x0 load address 0x0000000008007720
 .igot.plt      0x000000002000017c        0x0 /home/pyth/st/stm32cubeide_1.13.2/plugins/com.st.stm32cube.ide.mcu.externaltools.gnu-tools-for-stm32.11.3.rel1.linux64_1.1.1.202309131626/tools/bin/../lib/gcc/arm-none-eabi/11.3.1/thumb/v7-m/nofp/crtbegin.o
                0x000000002000017c                . = ALIGN (0x4)

.bss            0x000000002000017c     0x11f8 load address 0x0000000008007720
                0x000000002000017c                _sbss = .
                0x000000002000017c                __bss_start__ = _sbss
 *(.bss)
 .bss           0x000000002000017c       0x1c /home/pyth/st/stm32cubeide_1.13.2/plugins/com.st.stm32cube.ide.mcu.externaltools.gnu-tools-for-stm32.11.3.rel1.linux64_1.1.1.202309131626/tools/bin/../lib/gcc/arm-none-eabi/11.3.1/thumb/v7-m/nofp/crtbegin.o
 *(.bss*)
 .bss.uwTick    0x0000000020000198        0x4 ./Drivers/STM32F1xx_HAL_Driver/Src/stm32f1xx_hal.o
                0x0000000020000198                uwTick
 .bss.cfgidx.0  0x000000002000019c        0x1 ./Middlewares/ST/STM32_USB_Device_Library/Core/Src/usbd_ctlreq.o
 *fill*         0x000000002000019d        0x3 
 .bss.hUsbDeviceFS
                0x00000000200001a0      0x2c4 ./USB_DEVICE/App/usb_device.o
                0x00000000200001a0                hUsbDeviceFS
 .bss.UserRxBufferFS
                0x0000000020000464      0x400 ./USB_DEVICE/App/usbd_cdc_if.o
                0x0000000020000464                UserRxBufferFS
 .bss.UserTxBufferFS
                0x0000000020000864      0x400 ./USB_DEVICE/App/usbd_cdc_if.o
                0x0000000020000864                UserTxBufferFS
 .bss.USBD_StrDesc
                0x0000000020000c64      0x200 ./USB_DEVICE/App/usbd_desc.o
                0x0000000020000c64                USBD_StrDesc
 .bss.hpcd_USB_FS
                0x0000000020000e64      0x2f0 ./USB_DEVICE/Target/usbd_conf.o
                0x0000000020000e64                hpcd_USB_FS
 .bss.mem.0     0x0000000020001154      0x220 ./USB_DEVICE/Target/usbd_conf.o
 *(COMMON)
                0x0000000020001374                . = ALIGN (0x4)
                0x0000000020001374                _ebss = .
                0x0000000020001374                __bss_end__ = _ebss

._user_heap_stack
                0x0000000020001374      0x604 load address 0x0000000008007720
                0x0000000020001378                . = ALIGN (0x8)
 *fill*         0x0000000020001374        0x4 
                [!provide]                        PROVIDE (end = .)
                0x0000000020001378                PROVIDE (_end = .)
                0x0000000020001578                . = (. + _Min_Heap_Size)
 *fill*         0x0000000020001378      0x200 
                0x0000000020001978                . = (. + _Min_Stack_Size)
 *fill*         0x0000000020001578      0x400 
                0x0000000020001978                . = ALIGN (0x8)

/DISCARD/
 libc.a(*)
 libm.a(*)
 libgcc.a(*)

.ARM.attributes
                0x0000000000000000       0x29
 *(.ARM.attributes)
 .ARM.attributes
                0x0000000000000000       0x1d /home/pyth/st/stm32cubeide_1.13.2/plugins/com.st.stm32cube.ide.mcu.externaltools.gnu-tools-for-stm32.11.3.rel1.linux64_1.1.1.202309131626/tools/bin/../lib/gcc/arm-none-eabi/11.3.1/thumb/v7-m/nofp/crti.o
 .ARM.attributes
                0x000000000000001d       0x2d /home/pyth/st/stm32cubeide_1.13.2/plugins/com.st.stm32cube.ide.mcu.externaltools.gnu-tools-for-stm32.11.3.rel1.linux64_1.1.1.202309131626/tools/bin/../lib/gcc/arm-none-eabi/11.3.1/thumb/v7-m/nofp/crtbegin.o
 .ARM.attributes
                0x000000000000004a       0x2d ./Core/Src/main.o
 .ARM.attributes
                0x0000000000000077       0x2d ./Core/Src/stm32f1xx_hal_msp.o
 .ARM.attributes
                0x00000000000000a4       0x2d ./Core/Src/stm32f1xx_it.o
 .ARM.attributes
                0x00000000000000d1       0x2d ./Core/Src/system_stm32f1xx.o
 .ARM.attributes
                0x00000000000000fe       0x21 ./Core/Startup/startup_stm32f103rbtx.o
 .ARM.attributes
                0x000000000000011f       0x2d ./Drivers/STM32F1xx_HAL_Driver/Src/stm32f1xx_hal.o
 .ARM.attributes
                0x000000000000014c       0x2d ./Drivers/STM32F1xx_HAL_Driver/Src/stm32f1xx_hal_cortex.o
 .ARM.attributes
                0x0000000000000179       0x2d ./Drivers/STM32F1xx_HAL_Driver/Src/stm32f1xx_hal_gpio.o
 .ARM.attributes
                0x00000000000001a6       0x2d ./Drivers/STM32F1xx_HAL_Driver/Src/stm32f1xx_hal_pcd.o
 .ARM.attributes
                0x00000000000001d3       0x2d ./Drivers/STM32F1xx_HAL_Driver/Src/stm32f1xx_hal_pcd_ex.o
 .ARM.attributes
                0x0000000000000200       0x2d ./Drivers/STM32F1xx_HAL_Driver/Src/stm32f1xx_hal_rcc.o
 .ARM.attributes
                0x000000000000022d       0x2d ./Drivers/STM32F1xx_HAL_Driver/Src/stm32f1xx_hal_rcc_ex.o
 .ARM.attributes
                0x000000000000025a       0x2d ./Drivers/STM32F1xx_HAL_Driver/Src/stm32f1xx_ll_usb.o
 .ARM.attributes
                0x0000000000000287       0x2d ./Middlewares/ST/STM32_USB_Device_Library/Class/CDC/Src/usbd_cdc.o
 .ARM.attributes
                0x00000000000002b4       0x2d ./Middlewares/ST/STM32_USB_Device_Library/Core/Src/usbd_core.o
 .ARM.attributes
                0x00000000000002e1       0x2d ./Middlewares/ST/STM32_USB_Device_Library/Core/Src/usbd_ctlreq.o
 .ARM.attributes
                0x000000000000030e       0x2d ./Middlewares/ST/STM32_USB_Device_Library/Core/Src/usbd_ioreq.o
 .ARM.attributes
                0x000000000000033b       0x2d ./USB_DEVICE/App/usb_device.o
 .ARM.attributes
                0x0000000000000368       0x2d ./USB_DEVICE/App/usbd_cdc_if.o
 .ARM.attributes
                0x0000000000000395       0x2d ./USB_DEVICE/App/usbd_desc.o
 .ARM.attributes
                0x00000000000003c2       0x2d ./USB_DEVICE/Target/usbd_conf.o
 .ARM.attributes
                0x00000000000003ef       0x2d /home/pyth/st/stm32cubeide_1.13.2/plugins/com.st.stm32cube.ide.mcu.externaltools.gnu-tools-for-stm32.11.3.rel1.linux64_1.1.1.202309131626/tools/bin/../lib/gcc/arm-none-eabi/11.3.1/../../../../arm-none-eabi/lib/thumb/v7-m/nofp/libc_nano.a(libc_a-memset.o)
 .ARM.attributes
                0x000000000000041c       0x2d /home/pyth/st/stm32cubeide_1.13.2/plugins/com.st.stm32cube.ide.mcu.externaltools.gnu-tools-for-stm32.11.3.rel1.linux64_1.1.1.202309131626/tools/bin/../lib/gcc/arm-none-eabi/11.3.1/../../../../arm-none-eabi/lib/thumb/v7-m/nofp/libc_nano.a(libc_a-init.o)
 .ARM.attributes
                0x0000000000000449       0x1d /home/pyth/st/stm32cubeide_1.13.2/plugins/com.st.stm32cube.ide.mcu.externaltools.gnu-tools-for-stm32.11.3.rel1.linux64_1.1.1.202309131626/tools/bin/../lib/gcc/arm-none-eabi/11.3.1/thumb/v7-m/nofp/crtn.o
OUTPUT(STM32F103RBT6-USB.elf elf32-littlearm)
LOAD linker stubs
LOAD /home/pyth/st/stm32cubeide_1.13.2/plugins/com.st.stm32cube.ide.mcu.externaltools.gnu-tools-for-stm32.11.3.rel1.linux64_1.1.1.202309131626/tools/bin/../lib/gcc/arm-none-eabi/11.3.1/../../../../arm-none-eabi/lib/thumb/v7-m/nofp/libc.a
LOAD /home/pyth/st/stm32cubeide_1.13.2/plugins/com.st.stm32cube.ide.mcu.externaltools.gnu-tools-for-stm32.11.3.rel1.linux64_1.1.1.202309131626/tools/bin/../lib/gcc/arm-none-eabi/11.3.1/../../../../arm-none-eabi/lib/thumb/v7-m/nofp/libm.a
LOAD /home/pyth/st/stm32cubeide_1.13.2/plugins/com.st.stm32cube.ide.mcu.externaltools.gnu-tools-for-stm32.11.3.rel1.linux64_1.1.1.202309131626/tools/bin/../lib/gcc/arm-none-eabi/11.3.1/thumb/v7-m/nofp/libgcc.a

.comment        0x0000000000000000       0x43
 .comment       0x0000000000000000       0x43 /home/pyth/st/stm32cubeide_1.13.2/plugins/com.st.stm32cube.ide.mcu.externaltools.gnu-tools-for-stm32.11.3.rel1.linux64_1.1.1.202309131626/tools/bin/../lib/gcc/arm-none-eabi/11.3.1/thumb/v7-m/nofp/crtbegin.o
                                         0x44 (size before relaxing)
 .comment       0x0000000000000043       0x44 ./Core/Src/main.o
 .comment       0x0000000000000043       0x44 ./Core/Src/stm32f1xx_hal_msp.o
 .comment       0x0000000000000043       0x44 ./Core/Src/stm32f1xx_it.o
 .comment       0x0000000000000043       0x44 ./Core/Src/system_stm32f1xx.o
 .comment       0x0000000000000043       0x44 ./Drivers/STM32F1xx_HAL_Driver/Src/stm32f1xx_hal.o
 .comment       0x0000000000000043       0x44 ./Drivers/STM32F1xx_HAL_Driver/Src/stm32f1xx_hal_cortex.o
 .comment       0x0000000000000043       0x44 ./Drivers/STM32F1xx_HAL_Driver/Src/stm32f1xx_hal_gpio.o
 .comment       0x0000000000000043       0x44 ./Drivers/STM32F1xx_HAL_Driver/Src/stm32f1xx_hal_pcd.o
 .comment       0x0000000000000043       0x44 ./Drivers/STM32F1xx_HAL_Driver/Src/stm32f1xx_hal_pcd_ex.o
 .comment       0x0000000000000043       0x44 ./Drivers/STM32F1xx_HAL_Driver/Src/stm32f1xx_hal_rcc.o
 .comment       0x0000000000000043       0x44 ./Drivers/STM32F1xx_HAL_Driver/Src/stm32f1xx_hal_rcc_ex.o
 .comment       0x0000000000000043       0x44 ./Drivers/STM32F1xx_HAL_Driver/Src/stm32f1xx_ll_usb.o
 .comment       0x0000000000000043       0x44 ./Middlewares/ST/STM32_USB_Device_Library/Class/CDC/Src/usbd_cdc.o
 .comment       0x0000000000000043       0x44 ./Middlewares/ST/STM32_USB_Device_Library/Core/Src/usbd_core.o
 .comment       0x0000000000000043       0x44 ./Middlewares/ST/STM32_USB_Device_Library/Core/Src/usbd_ctlreq.o
 .comment       0x0000000000000043       0x44 ./Middlewares/ST/STM32_USB_Device_Library/Core/Src/usbd_ioreq.o
 .comment       0x0000000000000043       0x44 ./USB_DEVICE/App/usb_device.o
 .comment       0x0000000000000043       0x44 ./USB_DEVICE/App/usbd_cdc_if.o
 .comment       0x0000000000000043       0x44 ./USB_DEVICE/App/usbd_desc.o
 .comment       0x0000000000000043       0x44 ./USB_DEVICE/Target/usbd_conf.o

.debug_info     0x0000000000000000     0xbc3a
 .debug_info    0x0000000000000000      0x50f ./Core/Src/main.o
 .debug_info    0x000000000000050f      0x1f1 ./Core/Src/stm32f1xx_hal_msp.o
 .debug_info    0x0000000000000700      0x5f5 ./Core/Src/stm32f1xx_it.o
 .debug_info    0x0000000000000cf5      0x222 ./Core/Src/system_stm32f1xx.o
 .debug_info    0x0000000000000f17       0x23 ./Core/Startup/startup_stm32f103rbtx.o
 .debug_info    0x0000000000000f3a      0x704 ./Drivers/STM32F1xx_HAL_Driver/Src/stm32f1xx_hal.o
 .debug_info    0x000000000000163e      0xa87 ./Drivers/STM32F1xx_HAL_Driver/Src/stm32f1xx_hal_cortex.o
 .debug_info    0x00000000000020c5      0x5ab ./Drivers/STM32F1xx_HAL_Driver/Src/stm32f1xx_hal_gpio.o
 .debug_info    0x0000000000002670     0x16cf ./Drivers/STM32F1xx_HAL_Driver/Src/stm32f1xx_hal_pcd.o
 .debug_info    0x0000000000003d3f      0x6b6 ./Drivers/STM32F1xx_HAL_Driver/Src/stm32f1xx_hal_pcd_ex.o
 .debug_info    0x00000000000043f5      0x7d5 ./Drivers/STM32F1xx_HAL_Driver/Src/stm32f1xx_hal_rcc.o
 .debug_info    0x0000000000004bca      0x3c0 ./Drivers/STM32F1xx_HAL_Driver/Src/stm32f1xx_hal_rcc_ex.o
 .debug_info    0x0000000000004f8a     0x17a2 ./Drivers/STM32F1xx_HAL_Driver/Src/stm32f1xx_ll_usb.o
 .debug_info    0x000000000000672c     0x1036 ./Middlewares/ST/STM32_USB_Device_Library/Class/CDC/Src/usbd_cdc.o
 .debug_info    0x0000000000007762      0xa52 ./Middlewares/ST/STM32_USB_Device_Library/Core/Src/usbd_core.o
 .debug_info    0x00000000000081b4      0x91c ./Middlewares/ST/STM32_USB_Device_Library/Core/Src/usbd_ctlreq.o
 .debug_info    0x0000000000008ad0      0x6a0 ./Middlewares/ST/STM32_USB_Device_Library/Core/Src/usbd_ioreq.o
 .debug_info    0x0000000000009170      0x63d ./USB_DEVICE/App/usb_device.o
 .debug_info    0x00000000000097ad      0x7ec ./USB_DEVICE/App/usbd_cdc_if.o
 .debug_info    0x0000000000009f99      0x44a ./USB_DEVICE/App/usbd_desc.o
 .debug_info    0x000000000000a3e3     0x1857 ./USB_DEVICE/Target/usbd_conf.o

.debug_abbrev   0x0000000000000000     0x2914
 .debug_abbrev  0x0000000000000000      0x202 ./Core/Src/main.o
 .debug_abbrev  0x0000000000000202       0xdb ./Core/Src/stm32f1xx_hal_msp.o
 .debug_abbrev  0x00000000000002dd      0x192 ./Core/Src/stm32f1xx_it.o
 .debug_abbrev  0x000000000000046f      0x13f ./Core/Src/system_stm32f1xx.o
 .debug_abbrev  0x00000000000005ae       0x12 ./Core/Startup/startup_stm32f103rbtx.o
 .debug_abbrev  0x00000000000005c0      0x201 ./Drivers/STM32F1xx_HAL_Driver/Src/stm32f1xx_hal.o
 .debug_abbrev  0x00000000000007c1      0x2f8 ./Drivers/STM32F1xx_HAL_Driver/Src/stm32f1xx_hal_cortex.o
 .debug_abbrev  0x0000000000000ab9      0x1ca ./Drivers/STM32F1xx_HAL_Driver/Src/stm32f1xx_hal_gpio.o
 .debug_abbrev  0x0000000000000c83      0x2d6 ./Drivers/STM32F1xx_HAL_Driver/Src/stm32f1xx_hal_pcd.o
 .debug_abbrev  0x0000000000000f59      0x189 ./Drivers/STM32F1xx_HAL_Driver/Src/stm32f1xx_hal_pcd_ex.o
 .debug_abbrev  0x00000000000010e2      0x2b3 ./Drivers/STM32F1xx_HAL_Driver/Src/stm32f1xx_hal_rcc.o
 .debug_abbrev  0x0000000000001395      0x188 ./Drivers/STM32F1xx_HAL_Driver/Src/stm32f1xx_hal_rcc_ex.o
 .debug_abbrev  0x000000000000151d      0x1de ./Drivers/STM32F1xx_HAL_Driver/Src/stm32f1xx_ll_usb.o
 .debug_abbrev  0x00000000000016fb      0x2d3 ./Middlewares/ST/STM32_USB_Device_Library/Class/CDC/Src/usbd_cdc.o
 .debug_abbrev  0x00000000000019ce      0x24a ./Middlewares/ST/STM32_USB_Device_Library/Core/Src/usbd_core.o
 .debug_abbrev  0x0000000000001c18      0x26b ./Middlewares/ST/STM32_USB_Device_Library/Core/Src/usbd_ctlreq.o
 .debug_abbrev  0x0000000000001e83      0x192 ./Middlewares/ST/STM32_USB_Device_Library/Core/Src/usbd_ioreq.o
 .debug_abbrev  0x0000000000002015      0x18d ./USB_DEVICE/App/usb_device.o
 .debug_abbrev  0x00000000000021a2      0x25d ./USB_DEVICE/App/usbd_cdc_if.o
 .debug_abbrev  0x00000000000023ff      0x1ff ./USB_DEVICE/App/usbd_desc.o
 .debug_abbrev  0x00000000000025fe      0x316 ./USB_DEVICE/Target/usbd_conf.o

.debug_aranges  0x0000000000000000      0xa70
 .debug_aranges
                0x0000000000000000       0x38 ./Core/Src/main.o
 .debug_aranges
                0x0000000000000038       0x20 ./Core/Src/stm32f1xx_hal_msp.o
 .debug_aranges
                0x0000000000000058       0x68 ./Core/Src/stm32f1xx_it.o
 .debug_aranges
                0x00000000000000c0       0x28 ./Core/Src/system_stm32f1xx.o
 .debug_aranges
                0x00000000000000e8       0x28 ./Core/Startup/startup_stm32f103rbtx.o
 .debug_aranges
                0x0000000000000110       0xe0 ./Drivers/STM32F1xx_HAL_Driver/Src/stm32f1xx_hal.o
 .debug_aranges
                0x00000000000001f0      0x100 ./Drivers/STM32F1xx_HAL_Driver/Src/stm32f1xx_hal_cortex.o
 .debug_aranges
                0x00000000000002f0       0x58 ./Drivers/STM32F1xx_HAL_Driver/Src/stm32f1xx_hal_gpio.o
 .debug_aranges
                0x0000000000000348      0x140 ./Drivers/STM32F1xx_HAL_Driver/Src/stm32f1xx_hal_pcd.o
 .debug_aranges
                0x0000000000000488       0x38 ./Drivers/STM32F1xx_HAL_Driver/Src/stm32f1xx_hal_pcd_ex.o
 .debug_aranges
                0x00000000000004c0       0x90 ./Drivers/STM32F1xx_HAL_Driver/Src/stm32f1xx_hal_rcc.o
 .debug_aranges
                0x0000000000000550       0x30 ./Drivers/STM32F1xx_HAL_Driver/Src/stm32f1xx_hal_rcc_ex.o
 .debug_aranges
                0x0000000000000580       0xf8 ./Drivers/STM32F1xx_HAL_Driver/Src/stm32f1xx_ll_usb.o
 .debug_aranges
                0x0000000000000678       0x90 ./Middlewares/ST/STM32_USB_Device_Library/Class/CDC/Src/usbd_cdc.o
 .debug_aranges
                0x0000000000000708       0xb8 ./Middlewares/ST/STM32_USB_Device_Library/Core/Src/usbd_core.o
 .debug_aranges
                0x00000000000007c0       0x88 ./Middlewares/ST/STM32_USB_Device_Library/Core/Src/usbd_ctlreq.o
 .debug_aranges
                0x0000000000000848       0x50 ./Middlewares/ST/STM32_USB_Device_Library/Core/Src/usbd_ioreq.o
 .debug_aranges
                0x0000000000000898       0x20 ./USB_DEVICE/App/usb_device.o
 .debug_aranges
                0x00000000000008b8       0x40 ./USB_DEVICE/App/usbd_cdc_if.o
 .debug_aranges
                0x00000000000008f8       0x60 ./USB_DEVICE/App/usbd_desc.o
 .debug_aranges
                0x0000000000000958      0x118 ./USB_DEVICE/Target/usbd_conf.o

.debug_rnglists
                0x0000000000000000      0x798
 .debug_rnglists
                0x0000000000000000       0x26 ./Core/Src/main.o
 .debug_rnglists
                0x0000000000000026       0x13 ./Core/Src/stm32f1xx_hal_msp.o
 .debug_rnglists
                0x0000000000000039       0x49 ./Core/Src/stm32f1xx_it.o
 .debug_rnglists
                0x0000000000000082       0x1a ./Core/Src/system_stm32f1xx.o
 .debug_rnglists
                0x000000000000009c       0x19 ./Core/Startup/startup_stm32f103rbtx.o
 .debug_rnglists
                0x00000000000000b5       0xa3 ./Drivers/STM32F1xx_HAL_Driver/Src/stm32f1xx_hal.o
 .debug_rnglists
                0x0000000000000158       0xbb ./Drivers/STM32F1xx_HAL_Driver/Src/stm32f1xx_hal_cortex.o
 .debug_rnglists
                0x0000000000000213       0x3f ./Drivers/STM32F1xx_HAL_Driver/Src/stm32f1xx_hal_gpio.o
 .debug_rnglists
                0x0000000000000252       0xf4 ./Drivers/STM32F1xx_HAL_Driver/Src/stm32f1xx_hal_pcd.o
 .debug_rnglists
                0x0000000000000346       0x26 ./Drivers/STM32F1xx_HAL_Driver/Src/stm32f1xx_hal_pcd_ex.o
 .debug_rnglists
                0x000000000000036c       0x6c ./Drivers/STM32F1xx_HAL_Driver/Src/stm32f1xx_hal_rcc.o
 .debug_rnglists
                0x00000000000003d8       0x21 ./Drivers/STM32F1xx_HAL_Driver/Src/stm32f1xx_hal_rcc_ex.o
 .debug_rnglists
                0x00000000000003f9       0xbd ./Drivers/STM32F1xx_HAL_Driver/Src/stm32f1xx_ll_usb.o
 .debug_rnglists
                0x00000000000004b6       0x6a ./Middlewares/ST/STM32_USB_Device_Library/Class/CDC/Src/usbd_cdc.o
 .debug_rnglists
                0x0000000000000520       0x89 ./Middlewares/ST/STM32_USB_Device_Library/Core/Src/usbd_core.o
 .debug_rnglists
                0x00000000000005a9       0x68 ./Middlewares/ST/STM32_USB_Device_Library/Core/Src/usbd_ctlreq.o
 .debug_rnglists
                0x0000000000000611       0x37 ./Middlewares/ST/STM32_USB_Device_Library/Core/Src/usbd_ioreq.o
 .debug_rnglists
                0x0000000000000648       0x13 ./USB_DEVICE/App/usb_device.o
 .debug_rnglists
                0x000000000000065b       0x2c ./USB_DEVICE/App/usbd_cdc_if.o
 .debug_rnglists
                0x0000000000000687       0x43 ./USB_DEVICE/App/usbd_desc.o
 .debug_rnglists
                0x00000000000006ca       0xce ./USB_DEVICE/Target/usbd_conf.o

.debug_macro    0x0000000000000000    0x18fec
 .debug_macro   0x0000000000000000      0x316 ./Core/Src/main.o
 .debug_macro   0x0000000000000316      0xa9c ./Core/Src/main.o
 .debug_macro   0x0000000000000db2      0x215 ./Core/Src/main.o
 .debug_macro   0x0000000000000fc7       0x2e ./Core/Src/main.o
 .debug_macro   0x0000000000000ff5       0x22 ./Core/Src/main.o
 .debug_macro   0x0000000000001017       0x22 ./Core/Src/main.o
 .debug_macro   0x0000000000001039       0x8e ./Core/Src/main.o
 .debug_macro   0x00000000000010c7       0x51 ./Core/Src/main.o
 .debug_macro   0x0000000000001118      0x103 ./Core/Src/main.o
 .debug_macro   0x000000000000121b       0x6a ./Core/Src/main.o
 .debug_macro   0x0000000000001285      0x1df ./Core/Src/main.o
 .debug_macro   0x0000000000001464       0x1c ./Core/Src/main.o
 .debug_macro   0x0000000000001480       0x22 ./Core/Src/main.o
 .debug_macro   0x00000000000014a2       0xbd ./Core/Src/main.o
 .debug_macro   0x000000000000155f      0xd23 ./Core/Src/main.o
 .debug_macro   0x0000000000002282     0xe09e ./Core/Src/main.o
 .debug_macro   0x0000000000010320       0x6d ./Core/Src/main.o
 .debug_macro   0x000000000001038d     0x348d ./Core/Src/main.o
 .debug_macro   0x000000000001381a      0x174 ./Core/Src/main.o
 .debug_macro   0x000000000001398e       0x5c ./Core/Src/main.o
 .debug_macro   0x00000000000139ea      0x5bc ./Core/Src/main.o
 .debug_macro   0x0000000000013fa6      0x289 ./Core/Src/main.o
 .debug_macro   0x000000000001422f      0x1cb ./Core/Src/main.o
 .debug_macro   0x00000000000143fa      0x114 ./Core/Src/main.o
 .debug_macro   0x000000000001450e      0x1b2 ./Core/Src/main.o
 .debug_macro   0x00000000000146c0       0x27 ./Core/Src/main.o
 .debug_macro   0x00000000000146e7      0x136 ./Core/Src/main.o
 .debug_macro   0x000000000001481d      0x1bc ./Core/Src/main.o
 .debug_macro   0x00000000000149d9       0x34 ./Core/Src/main.o
 .debug_macro   0x0000000000014a0d       0x3c ./Core/Src/main.o
 .debug_macro   0x0000000000014a49       0x57 ./Core/Src/main.o
 .debug_macro   0x0000000000014aa0       0x87 ./Core/Src/main.o
 .debug_macro   0x0000000000014b27      0x240 ./Core/Src/main.o
 .debug_macro   0x0000000000014d67      0x140 ./Core/Src/main.o
 .debug_macro   0x0000000000014ea7       0xab ./Core/Src/main.o
 .debug_macro   0x0000000000014f52      0x242 ./Core/Src/main.o
 .debug_macro   0x0000000000015194       0x83 ./Core/Src/main.o
 .debug_macro   0x0000000000015217       0x61 ./Core/Src/main.o
 .debug_macro   0x0000000000015278       0x24 ./Core/Src/main.o
 .debug_macro   0x000000000001529c       0x43 ./Core/Src/main.o
 .debug_macro   0x00000000000152df       0x34 ./Core/Src/main.o
 .debug_macro   0x0000000000015313       0x16 ./Core/Src/main.o
 .debug_macro   0x0000000000015329       0x35 ./Core/Src/main.o
 .debug_macro   0x000000000001535e      0x369 ./Core/Src/main.o
 .debug_macro   0x00000000000156c7       0x10 ./Core/Src/main.o
 .debug_macro   0x00000000000156d7       0x16 ./Core/Src/main.o
 .debug_macro   0x00000000000156ed       0x43 ./Core/Src/main.o
 .debug_macro   0x0000000000015730       0x34 ./Core/Src/main.o
 .debug_macro   0x0000000000015764       0x10 ./Core/Src/main.o
 .debug_macro   0x0000000000015774       0x58 ./Core/Src/main.o
 .debug_macro   0x00000000000157cc       0x8e ./Core/Src/main.o
 .debug_macro   0x000000000001585a       0x1c ./Core/Src/main.o
 .debug_macro   0x0000000000015876      0x177 ./Core/Src/main.o
 .debug_macro   0x00000000000159ed       0x16 ./Core/Src/main.o
 .debug_macro   0x0000000000015a03       0x16 ./Core/Src/main.o
 .debug_macro   0x0000000000015a19      0x147 ./Core/Src/main.o
 .debug_macro   0x0000000000015b60       0x16 ./Core/Src/main.o
 .debug_macro   0x0000000000015b76       0x16 ./Core/Src/main.o
 .debug_macro   0x0000000000015b8c       0x29 ./Core/Src/main.o
 .debug_macro   0x0000000000015bb5       0x16 ./Core/Src/main.o
 .debug_macro   0x0000000000015bcb       0x20 ./Core/Src/main.o
 .debug_macro   0x0000000000015beb       0x5f ./Core/Src/main.o
 .debug_macro   0x0000000000015c4a      0x1c8 ./Core/Src/main.o
 .debug_macro   0x0000000000015e12      0x1b2 ./Core/Src/stm32f1xx_hal_msp.o
 .debug_macro   0x0000000000015fc4      0x1bc ./Core/Src/stm32f1xx_it.o
 .debug_macro   0x0000000000016180      0x1a8 ./Core/Src/system_stm32f1xx.o
 .debug_macro   0x0000000000016328      0x1cc ./Drivers/STM32F1xx_HAL_Driver/Src/stm32f1xx_hal.o
 .debug_macro   0x00000000000164f4      0x1a8 ./Drivers/STM32F1xx_HAL_Driver/Src/stm32f1xx_hal_cortex.o
 .debug_macro   0x000000000001669c      0x213 ./Drivers/STM32F1xx_HAL_Driver/Src/stm32f1xx_hal_gpio.o
 .debug_macro   0x00000000000168af      0x1b4 ./Drivers/STM32F1xx_HAL_Driver/Src/stm32f1xx_hal_pcd.o
 .debug_macro   0x0000000000016a63      0x1a8 ./Drivers/STM32F1xx_HAL_Driver/Src/stm32f1xx_hal_pcd_ex.o
 .debug_macro   0x0000000000016c0b      0x1ba ./Drivers/STM32F1xx_HAL_Driver/Src/stm32f1xx_hal_rcc.o
 .debug_macro   0x0000000000016dc5      0x1a8 ./Drivers/STM32F1xx_HAL_Driver/Src/stm32f1xx_hal_rcc_ex.o
 .debug_macro   0x0000000000016f6d      0x1a8 ./Drivers/STM32F1xx_HAL_Driver/Src/stm32f1xx_ll_usb.o
 .debug_macro   0x0000000000017115      0x341 ./Middlewares/ST/STM32_USB_Device_Library/Class/CDC/Src/usbd_cdc.o
 .debug_macro   0x0000000000017456       0x97 ./Middlewares/ST/STM32_USB_Device_Library/Class/CDC/Src/usbd_cdc.o
 .debug_macro   0x00000000000174ed       0xfd ./Middlewares/ST/STM32_USB_Device_Library/Class/CDC/Src/usbd_cdc.o
 .debug_macro   0x00000000000175ea       0x56 ./Middlewares/ST/STM32_USB_Device_Library/Class/CDC/Src/usbd_cdc.o
 .debug_macro   0x0000000000017640       0x8f ./Middlewares/ST/STM32_USB_Device_Library/Class/CDC/Src/usbd_cdc.o
 .debug_macro   0x00000000000176cf      0x328 ./Middlewares/ST/STM32_USB_Device_Library/Core/Src/usbd_core.o
 .debug_macro   0x00000000000179f7      0x1ce ./Middlewares/ST/STM32_USB_Device_Library/Core/Src/usbd_core.o
 .debug_macro   0x0000000000017bc5      0x332 ./Middlewares/ST/STM32_USB_Device_Library/Core/Src/usbd_ctlreq.o
 .debug_macro   0x0000000000017ef7      0x32e ./Middlewares/ST/STM32_USB_Device_Library/Core/Src/usbd_ioreq.o
 .debug_macro   0x0000000000018225      0x367 ./USB_DEVICE/App/usb_device.o
 .debug_macro   0x000000000001858c       0x22 ./USB_DEVICE/App/usb_device.o
 .debug_macro   0x00000000000185ae       0x16 ./USB_DEVICE/App/usb_device.o
 .debug_macro   0x00000000000185c4      0x34c ./USB_DEVICE/App/usbd_cdc_if.o
 .debug_macro   0x0000000000018910       0x10 ./USB_DEVICE/App/usbd_cdc_if.o
 .debug_macro   0x0000000000018920      0x365 ./USB_DEVICE/App/usbd_desc.o
 .debug_macro   0x0000000000018c85       0x1c ./USB_DEVICE/App/usbd_desc.o
 .debug_macro   0x0000000000018ca1      0x34b ./USB_DEVICE/Target/usbd_conf.o

.debug_line     0x0000000000000000     0xd594
 .debug_line    0x0000000000000000      0x927 ./Core/Src/main.o
 .debug_line    0x0000000000000927      0x659 ./Core/Src/stm32f1xx_hal_msp.o
 .debug_line    0x0000000000000f80      0x732 ./Core/Src/stm32f1xx_it.o
 .debug_line    0x00000000000016b2      0x6d6 ./Core/Src/system_stm32f1xx.o
 .debug_line    0x0000000000001d88       0x78 ./Core/Startup/startup_stm32f103rbtx.o
 .debug_line    0x0000000000001e00      0x903 ./Drivers/STM32F1xx_HAL_Driver/Src/stm32f1xx_hal.o
 .debug_line    0x0000000000002703      0xaeb ./Drivers/STM32F1xx_HAL_Driver/Src/stm32f1xx_hal_cortex.o
 .debug_line    0x00000000000031ee      0x99c ./Drivers/STM32F1xx_HAL_Driver/Src/stm32f1xx_hal_gpio.o
 .debug_line    0x0000000000003b8a     0x1331 ./Drivers/STM32F1xx_HAL_Driver/Src/stm32f1xx_hal_pcd.o
 .debug_line    0x0000000000004ebb      0x6d1 ./Drivers/STM32F1xx_HAL_Driver/Src/stm32f1xx_hal_pcd_ex.o
 .debug_line    0x000000000000558c      0xd0c ./Drivers/STM32F1xx_HAL_Driver/Src/stm32f1xx_hal_rcc.o
 .debug_line    0x0000000000006298      0x847 ./Drivers/STM32F1xx_HAL_Driver/Src/stm32f1xx_hal_rcc_ex.o
 .debug_line    0x0000000000006adf      0xfb8 ./Drivers/STM32F1xx_HAL_Driver/Src/stm32f1xx_ll_usb.o
 .debug_line    0x0000000000007a97      0xc4f ./Middlewares/ST/STM32_USB_Device_Library/Class/CDC/Src/usbd_cdc.o
 .debug_line    0x00000000000086e6      0xccb ./Middlewares/ST/STM32_USB_Device_Library/Core/Src/usbd_core.o
 .debug_line    0x00000000000093b1      0xf08 ./Middlewares/ST/STM32_USB_Device_Library/Core/Src/usbd_ctlreq.o
 .debug_line    0x000000000000a2b9      0x961 ./Middlewares/ST/STM32_USB_Device_Library/Core/Src/usbd_ioreq.o
 .debug_line    0x000000000000ac1a      0x921 ./USB_DEVICE/App/usb_device.o
 .debug_line    0x000000000000b53b      0x969 ./USB_DEVICE/App/usbd_cdc_if.o
 .debug_line    0x000000000000bea4      0x9ea ./USB_DEVICE/App/usbd_desc.o
 .debug_line    0x000000000000c88e      0xd06 ./USB_DEVICE/Target/usbd_conf.o

.debug_str      0x0000000000000000    0x844b9
 .debug_str     0x0000000000000000    0x81708 ./Core/Src/main.o
                                      0x81aa3 (size before relaxing)
 .debug_str     0x0000000000081708       0x5a ./Core/Src/stm32f1xx_hal_msp.o
                                      0x7d5fc (size before relaxing)
 .debug_str     0x0000000000081762      0x412 ./Core/Src/stm32f1xx_it.o
                                      0x7d9d0 (size before relaxing)
 .debug_str     0x0000000000081b74       0x7e ./Core/Src/system_stm32f1xx.o
                                      0x7d627 (size before relaxing)
 .debug_str     0x0000000000081bf2       0x34 ./Core/Startup/startup_stm32f103rbtx.o
                                         0x75 (size before relaxing)
 .debug_str     0x0000000000081c26      0x607 ./Drivers/STM32F1xx_HAL_Driver/Src/stm32f1xx_hal.o
                                      0x7dd5a (size before relaxing)
 .debug_str     0x000000000008222d      0x293 ./Drivers/STM32F1xx_HAL_Driver/Src/stm32f1xx_hal_cortex.o
                                      0x7dca6 (size before relaxing)
 .debug_str     0x00000000000824c0      0x332 ./Drivers/STM32F1xx_HAL_Driver/Src/stm32f1xx_hal_gpio.o
                                      0x7d9ad (size before relaxing)
 .debug_str     0x00000000000827f2      0x5bd ./Drivers/STM32F1xx_HAL_Driver/Src/stm32f1xx_hal_pcd.o
                                      0x7df39 (size before relaxing)
 .debug_str     0x0000000000082daf      0x170 ./Drivers/STM32F1xx_HAL_Driver/Src/stm32f1xx_hal_pcd_ex.o
                                      0x7da9b (size before relaxing)
 .debug_str     0x0000000000082f1f      0x217 ./Drivers/STM32F1xx_HAL_Driver/Src/stm32f1xx_hal_rcc.o
                                      0x7da56 (size before relaxing)
 .debug_str     0x0000000000083136       0x9f ./Drivers/STM32F1xx_HAL_Driver/Src/stm32f1xx_hal_rcc_ex.o
                                      0x7d7a6 (size before relaxing)
 .debug_str     0x00000000000831d5      0x129 ./Drivers/STM32F1xx_HAL_Driver/Src/stm32f1xx_ll_usb.o
                                      0x7daed (size before relaxing)
 .debug_str     0x00000000000832fe      0x967 ./Middlewares/ST/STM32_USB_Device_Library/Class/CDC/Src/usbd_cdc.o
                                      0x8251b (size before relaxing)
 .debug_str     0x0000000000083c65      0x281 ./Middlewares/ST/STM32_USB_Device_Library/Core/Src/usbd_core.o
                                      0x81e56 (size before relaxing)
 .debug_str     0x0000000000083ee6      0x120 ./Middlewares/ST/STM32_USB_Device_Library/Core/Src/usbd_ctlreq.o
                                      0x81d70 (size before relaxing)
 .debug_str     0x0000000000084006       0x51 ./Middlewares/ST/STM32_USB_Device_Library/Core/Src/usbd_ioreq.o
                                      0x81c9d (size before relaxing)
 .debug_str     0x0000000000084057      0x105 ./USB_DEVICE/App/usb_device.o
                                      0x82028 (size before relaxing)
 .debug_str     0x000000000008415c       0x8d ./USB_DEVICE/App/usbd_cdc_if.o
                                      0x8204e (size before relaxing)
 .debug_str     0x00000000000841e9      0x258 ./USB_DEVICE/App/usbd_desc.o
                                      0x81bd9 (size before relaxing)
 .debug_str     0x0000000000084441       0x78 ./USB_DEVICE/Target/usbd_conf.o
                                      0x82aa8 (size before relaxing)

.debug_frame    0x0000000000000000     0x27e4
 .debug_frame   0x0000000000000000       0x8c ./Core/Src/main.o
 .debug_frame   0x000000000000008c       0x38 ./Core/Src/stm32f1xx_hal_msp.o
 .debug_frame   0x00000000000000c4      0x120 ./Core/Src/stm32f1xx_it.o
 .debug_frame   0x00000000000001e4       0x58 ./Core/Src/system_stm32f1xx.o
 .debug_frame   0x000000000000023c      0x334 ./Drivers/STM32F1xx_HAL_Driver/Src/stm32f1xx_hal.o
 .debug_frame   0x0000000000000570      0x428 ./Drivers/STM32F1xx_HAL_Driver/Src/stm32f1xx_hal_cortex.o
 .debug_frame   0x0000000000000998      0x14c ./Drivers/STM32F1xx_HAL_Driver/Src/stm32f1xx_hal_gpio.o
 .debug_frame   0x0000000000000ae4      0x59c ./Drivers/STM32F1xx_HAL_Driver/Src/stm32f1xx_hal_pcd.o
 .debug_frame   0x0000000000001080       0xb0 ./Drivers/STM32F1xx_HAL_Driver/Src/stm32f1xx_hal_pcd_ex.o
 .debug_frame   0x0000000000001130      0x218 ./Drivers/STM32F1xx_HAL_Driver/Src/stm32f1xx_hal_rcc.o
 .debug_frame   0x0000000000001348       0x80 ./Drivers/STM32F1xx_HAL_Driver/Src/stm32f1xx_hal_rcc_ex.o
 .debug_frame   0x00000000000013c8      0x478 ./Drivers/STM32F1xx_HAL_Driver/Src/stm32f1xx_ll_usb.o
 .debug_frame   0x0000000000001840      0x248 ./Middlewares/ST/STM32_USB_Device_Library/Class/CDC/Src/usbd_cdc.o
 .debug_frame   0x0000000000001a88      0x300 ./Middlewares/ST/STM32_USB_Device_Library/Core/Src/usbd_core.o
 .debug_frame   0x0000000000001d88      0x218 ./Middlewares/ST/STM32_USB_Device_Library/Core/Src/usbd_ctlreq.o
 .debug_frame   0x0000000000001fa0      0x10c ./Middlewares/ST/STM32_USB_Device_Library/Core/Src/usbd_ioreq.o
 .debug_frame   0x00000000000020ac       0x2c ./USB_DEVICE/App/usb_device.o
 .debug_frame   0x00000000000020d8       0xbc ./USB_DEVICE/App/usbd_cdc_if.o
 .debug_frame   0x0000000000002194      0x160 ./USB_DEVICE/App/usbd_desc.o
 .debug_frame   0x00000000000022f4      0x4a4 ./USB_DEVICE/Target/usbd_conf.o
 .debug_frame   0x0000000000002798       0x20 /home/pyth/st/stm32cubeide_1.13.2/plugins/com.st.stm32cube.ide.mcu.externaltools.gnu-tools-for-stm32.11.3.rel1.linux64_1.1.1.202309131626/tools/bin/../lib/gcc/arm-none-eabi/11.3.1/../../../../arm-none-eabi/lib/thumb/v7-m/nofp/libc_nano.a(libc_a-memset.o)
 .debug_frame   0x00000000000027b8       0x2c /home/pyth/st/stm32cubeide_1.13.2/plugins/com.st.stm32cube.ide.mcu.externaltools.gnu-tools-for-stm32.11.3.rel1.linux64_1.1.1.202309131626/tools/bin/../lib/gcc/arm-none-eabi/11.3.1/../../../../arm-none-eabi/lib/thumb/v7-m/nofp/libc_nano.a(libc_a-init.o)

.debug_line_str
                0x0000000000000000       0x69
 .debug_line_str
                0x0000000000000000       0x69 ./Core/Startup/startup_stm32f103rbtx.o
                                         0x81 (size before relaxing)
